/data/NJUD/test_data/001139_left
/data/NJUD/test_data/000114_left
/data/NJUD/test_data/001542_left
/data/NJUD/test_data/001737_left
/data/NJUD/test_data/000474_left
/data/NJUD/test_data/001612_left
/data/NJUD/test_data/000273_left
/data/NJUD/test_data/000358_left
/data/NJUD/test_data/000119_left
/data/NJUD/test_data/001966_left
/data/NJUD/test_data/001651_left
/data/NJUD/test_data/000551_left
/data/NJUD/test_data/000223_left
/data/NJUD/test_data/000043_left
/data/NJUD/test_data/000761_left
/data/NJUD/test_data/000219_left
/data/NJUD/test_data/000876_left
/data/NJUD/test_data/000353_left
/data/NJUD/test_data/001406_left
/data/NJUD/test_data/001887_left
/data/NJUD/test_data/000261_left
/data/NJUD/test_data/000715_left
/data/NJUD/test_data/001336_left
/data/NJUD/test_data/001837_left
/data/NJUD/test_data/001535_left
/data/NJUD/test_data/000694_left
/data/NJUD/test_data/000658_left
/data/NJUD/test_data/001972_left
/data/NJUD/test_data/001293_left
/data/NJUD/test_data/001187_left
/data/NJUD/test_data/001711_left
/data/NJUD/test_data/001890_left
/data/NJUD/test_data/001994_left
/data/NJUD/test_data/001252_left
/data/NJUD/test_data/000680_left
/data/NJUD/test_data/001394_left
/data/NJUD/test_data/000547_left
/data/NJUD/test_data/000636_left
/data/NJUD/test_data/001784_left
/data/NJUD/test_data/001932_left
/data/NJUD/test_data/001902_left
/data/NJUD/test_data/000315_left
/data/NJUD/test_data/001292_left
/data/NJUD/test_data/001367_left
/data/NJUD/test_data/000792_left
/data/NJUD/test_data/000831_left
/data/NJUD/test_data/001814_left
/data/NJUD/test_data/000384_left
/data/NJUD/test_data/001901_left
/data/NJUD/test_data/000905_left
/data/NJUD/test_data/000258_left
/data/NJUD/test_data/000344_left
/data/NJUD/test_data/000642_left
/data/NJUD/test_data/000975_left
/data/NJUD/test_data/001160_left
/data/NJUD/test_data/000571_left
/data/NJUD/test_data/000611_left
/data/NJUD/test_data/000157_left
/data/NJUD/test_data/001736_left
/data/NJUD/test_data/000558_left
/data/NJUD/test_data/001125_left
/data/NJUD/test_data/000196_left
/data/NJUD/test_data/000900_left
/data/NJUD/test_data/000697_left
/data/NJUD/test_data/000594_left
/data/NJUD/test_data/001430_left
/data/NJUD/test_data/001603_left
/data/NJUD/test_data/001077_left
/data/NJUD/test_data/001746_left
/data/NJUD/test_data/001935_left
/data/NJUD/test_data/000771_left
/data/NJUD/test_data/000822_left
/data/NJUD/test_data/000545_left
/data/NJUD/test_data/001141_left
/data/NJUD/test_data/000110_left
/data/NJUD/test_data/000929_left
/data/NJUD/test_data/000251_left
/data/NJUD/test_data/000237_left
/data/NJUD/test_data/001727_left
/data/NJUD/test_data/001753_left
/data/NJUD/test_data/000886_left
/data/NJUD/test_data/001450_left
/data/NJUD/test_data/001562_left
/data/NJUD/test_data/000667_left
/data/NJUD/test_data/001356_left
/data/NJUD/test_data/001650_left
/data/NJUD/test_data/001415_left
/data/NJUD/test_data/000566_left
/data/NJUD/test_data/001068_left
/data/NJUD/test_data/001557_left
/data/NJUD/test_data/001598_left
/data/NJUD/test_data/001721_left
/data/NJUD/test_data/000391_left
/data/NJUD/test_data/001653_left
/data/NJUD/test_data/001912_left
/data/NJUD/test_data/001017_left
/data/NJUD/test_data/000779_left
/data/NJUD/test_data/001548_left
/data/NJUD/test_data/001733_left
/data/NJUD/test_data/001969_left
/data/NJUD/test_data/001145_left
/data/NJUD/test_data/000198_left
/data/NJUD/test_data/001748_left
/data/NJUD/test_data/001647_left
/data/NJUD/test_data/000117_left
/data/NJUD/test_data/000023_left
/data/NJUD/test_data/000316_left
/data/NJUD/test_data/000868_left
/data/NJUD/test_data/001879_left
/data/NJUD/test_data/001105_left
/data/NJUD/test_data/001269_left
/data/NJUD/test_data/000820_left
/data/NJUD/test_data/000991_left
/data/NJUD/test_data/001167_left
/data/NJUD/test_data/000754_left
/data/NJUD/test_data/001564_left
/data/NJUD/test_data/002002_left
/data/NJUD/test_data/000349_left
/data/NJUD/test_data/000631_left
/data/NJUD/test_data/000652_left
/data/NJUD/test_data/001111_left
/data/NJUD/test_data/000586_left
/data/NJUD/test_data/001037_left
/data/NJUD/test_data/000296_left
/data/NJUD/test_data/001682_left
/data/NJUD/test_data/000451_left
/data/NJUD/test_data/000845_left
/data/NJUD/test_data/000090_left
/data/NJUD/test_data/001480_left
/data/NJUD/test_data/001027_left
/data/NJUD/test_data/001900_left
/data/NJUD/test_data/001258_left
/data/NJUD/test_data/000187_left
/data/NJUD/test_data/000027_left
/data/NJUD/test_data/000651_left
/data/NJUD/test_data/001847_left
/data/NJUD/test_data/000410_left
/data/NJUD/test_data/000582_left
/data/NJUD/test_data/001446_left
/data/NJUD/test_data/001775_left
/data/NJUD/test_data/000846_left
/data/NJUD/test_data/001817_left
/data/NJUD/test_data/000356_left
/data/NJUD/test_data/000455_left
/data/NJUD/test_data/001333_left
/data/NJUD/test_data/000819_left
/data/NJUD/test_data/001572_left
/data/NJUD/test_data/001196_left
/data/NJUD/test_data/001583_left
/data/NJUD/test_data/000028_left
/data/NJUD/test_data/001632_left
/data/NJUD/test_data/001816_left
/data/NJUD/test_data/001910_left
/data/NJUD/test_data/000379_left
/data/NJUD/test_data/001952_left
/data/NJUD/test_data/000918_left
/data/NJUD/test_data/000670_left
/data/NJUD/test_data/000132_left
/data/NJUD/test_data/000134_left
/data/NJUD/test_data/001296_left
/data/NJUD/test_data/000802_left
/data/NJUD/test_data/000403_left
/data/NJUD/test_data/000213_left
/data/NJUD/test_data/000848_left
/data/NJUD/test_data/001826_left
/data/NJUD/test_data/001363_left
/data/NJUD/test_data/001906_left
/data/NJUD/test_data/000490_left
/data/NJUD/test_data/001822_left
/data/NJUD/test_data/001352_left
/data/NJUD/test_data/000397_left
/data/NJUD/test_data/001329_left
/data/NJUD/test_data/000320_left
/data/NJUD/test_data/001114_left
/data/NJUD/test_data/001685_left
/data/NJUD/test_data/000749_left
/data/NJUD/test_data/001459_left
/data/NJUD/test_data/001267_left
/data/NJUD/test_data/001977_left
/data/NJUD/test_data/001401_left
/data/NJUD/test_data/001437_left
/data/NJUD/test_data/000958_left
/data/NJUD/test_data/001973_left
/data/NJUD/test_data/000721_left
/data/NJUD/test_data/000645_left
/data/NJUD/test_data/000968_left
/data/NJUD/test_data/001654_left
/data/NJUD/test_data/001519_left
/data/NJUD/test_data/001928_left
/data/NJUD/test_data/000034_left
/data/NJUD/test_data/000624_left
/data/NJUD/test_data/001190_left
/data/NJUD/test_data/000445_left
/data/NJUD/test_data/001940_left
/data/NJUD/test_data/000271_left
/data/NJUD/test_data/001528_left
/data/NJUD/test_data/001080_left
/data/NJUD/test_data/000940_left
/data/NJUD/test_data/001436_left
/data/NJUD/test_data/001591_left
/data/NJUD/test_data/001679_left
/data/NJUD/test_data/000605_left
/data/NJUD/test_data/001839_left
/data/NJUD/test_data/000257_left
/data/NJUD/test_data/001454_left
/data/NJUD/test_data/000824_left
/data/NJUD/test_data/001186_left
/data/NJUD/test_data/001955_left
/data/NJUD/test_data/000469_left
/data/NJUD/test_data/001053_left
/data/NJUD/test_data/000836_left
/data/NJUD/test_data/001151_left
/data/NJUD/test_data/001253_left
/data/NJUD/test_data/000695_left
/data/NJUD/test_data/000122_left
/data/NJUD/test_data/000340_left
/data/NJUD/test_data/000176_left
/data/NJUD/test_data/001588_left
/data/NJUD/test_data/001384_left
/data/NJUD/test_data/001163_left
/data/NJUD/test_data/001301_left
/data/NJUD/test_data/000635_left
/data/NJUD/test_data/001194_left
/data/NJUD/test_data/000781_left
/data/NJUD/test_data/000335_left
/data/NJUD/test_data/000734_left
/data/NJUD/test_data/001485_left
/data/NJUD/test_data/001474_left
/data/NJUD/test_data/000637_left
/data/NJUD/test_data/001170_left
/data/NJUD/test_data/000778_left
/data/NJUD/test_data/001622_left
/data/NJUD/test_data/001400_left
/data/NJUD/test_data/001580_left
/data/NJUD/test_data/001613_left
/data/NJUD/test_data/000430_left
/data/NJUD/test_data/000621_left
/data/NJUD/test_data/001508_left
/data/NJUD/test_data/001452_left
/data/NJUD/test_data/000458_left
/data/NJUD/test_data/001426_left
/data/NJUD/test_data/000492_left
/data/NJUD/test_data/001657_left
/data/NJUD/test_data/001865_left
/data/NJUD/test_data/000912_left
/data/NJUD/test_data/000989_left
/data/NJUD/test_data/001349_left
/data/NJUD/test_data/001071_left
/data/NJUD/test_data/000097_left
/data/NJUD/test_data/001968_left
/data/NJUD/test_data/001433_left
/data/NJUD/test_data/001712_left
/data/NJUD/test_data/001724_left
/data/NJUD/test_data/001766_left
/data/NJUD/test_data/001311_left
/data/NJUD/test_data/000026_left
/data/NJUD/test_data/001526_left
/data/NJUD/test_data/000939_left
/data/NJUD/test_data/001789_left
/data/NJUD/test_data/000156_left
/data/NJUD/test_data/000616_left
/data/NJUD/test_data/001476_left
/data/NJUD/test_data/000911_left
/data/NJUD/test_data/001266_left
/data/NJUD/test_data/001007_left
/data/NJUD/test_data/001503_left
/data/NJUD/test_data/000368_left
/data/NJUD/test_data/000089_left
/data/NJUD/test_data/000364_left
/data/NJUD/test_data/001168_left
/data/NJUD/test_data/001813_left
/data/NJUD/test_data/001399_left
/data/NJUD/test_data/001882_left
/data/NJUD/test_data/001019_left
/data/NJUD/test_data/000620_left
/data/NJUD/test_data/000502_left
/data/NJUD/test_data/001028_left
/data/NJUD/test_data/000377_left
/data/NJUD/test_data/001280_left
/data/NJUD/test_data/000896_left
/data/NJUD/test_data/000239_left
/data/NJUD/test_data/000501_left
/data/NJUD/test_data/000025_left
/data/NJUD/test_data/001908_left
/data/NJUD/test_data/001841_left
/data/NJUD/test_data/001852_left
/data/NJUD/test_data/001897_left
/data/NJUD/test_data/000017_left
/data/NJUD/test_data/001255_left
/data/NJUD/test_data/001569_left
/data/NJUD/test_data/001001_left
/data/NJUD/test_data/001629_left
/data/NJUD/test_data/000949_left
/data/NJUD/test_data/001509_left
/data/NJUD/test_data/000318_left
/data/NJUD/test_data/000959_left
/data/NJUD/test_data/000478_left
/data/NJUD/test_data/001744_left
/data/NJUD/test_data/001717_left
/data/NJUD/test_data/000863_left
/data/NJUD/test_data/001377_left
/data/NJUD/test_data/000486_left
/data/NJUD/test_data/001227_left
/data/NJUD/test_data/001735_left
/data/NJUD/test_data/001388_left
/data/NJUD/test_data/001138_left
/data/NJUD/test_data/001425_left
/data/NJUD/test_data/000452_left
/data/NJUD/test_data/000139_left
/data/NJUD/test_data/001991_left
/data/NJUD/test_data/001628_left
/data/NJUD/test_data/001676_left
/data/NJUD/test_data/000240_left
/data/NJUD/test_data/001985_left
/data/NJUD/test_data/001787_left
/data/NJUD/test_data/000334_left
/data/NJUD/test_data/001840_left
/data/NJUD/test_data/000933_left
/data/NJUD/test_data/000722_left
/data/NJUD/test_data/001078_left
/data/NJUD/test_data/001009_left
/data/NJUD/test_data/000860_left
/data/NJUD/test_data/000428_left
/data/NJUD/test_data/001949_left
/data/NJUD/test_data/000277_left
/data/NJUD/test_data/001342_left
/data/NJUD/test_data/001681_left
/data/NJUD/test_data/000735_left
/data/NJUD/test_data/001046_left
/data/NJUD/test_data/000634_left
/data/NJUD/test_data/001921_left
/data/NJUD/test_data/000703_left
/data/NJUD/test_data/001368_left
/data/NJUD/test_data/000516_left
/data/NJUD/test_data/000795_left
/data/NJUD/test_data/001547_left
/data/NJUD/test_data/001279_left
/data/NJUD/test_data/000448_left
/data/NJUD/test_data/000692_left
/data/NJUD/test_data/000535_left
/data/NJUD/test_data/000643_left
/data/NJUD/test_data/001917_left
/data/NJUD/test_data/001085_left
/data/NJUD/test_data/001691_left
/data/NJUD/test_data/000227_left
/data/NJUD/test_data/000155_left
/data/NJUD/test_data/001857_left
/data/NJUD/test_data/001959_left
/data/NJUD/test_data/000084_left
/data/NJUD/test_data/001997_left
/data/NJUD/test_data/000406_left
/data/NJUD/test_data/001871_left
/data/NJUD/test_data/001992_left
/data/NJUD/test_data/001178_left
/data/NJUD/test_data/001035_left
/data/NJUD/test_data/001731_left
/data/NJUD/test_data/001198_left
/data/NJUD/test_data/000513_left
/data/NJUD/test_data/000592_left
/data/NJUD/test_data/000216_left
/data/NJUD/test_data/002000_left
/data/NJUD/test_data/000476_left
/data/NJUD/test_data/001214_left
/data/NJUD/test_data/001123_left
/data/NJUD/test_data/001462_left
/data/NJUD/test_data/000087_left
/data/NJUD/test_data/000699_left
/data/NJUD/test_data/000542_left
/data/NJUD/test_data/001264_left
/data/NJUD/test_data/000040_left
/data/NJUD/test_data/001300_left
/data/NJUD/test_data/000887_left
/data/NJUD/test_data/000145_left
/data/NJUD/test_data/001522_left
/data/NJUD/test_data/000957_left
/data/NJUD/test_data/000921_left
/data/NJUD/test_data/000360_left
/data/NJUD/test_data/000333_left
/data/NJUD/test_data/000803_left
/data/NJUD/test_data/001337_left
/data/NJUD/test_data/001345_left
/data/NJUD/test_data/001335_left
/data/NJUD/test_data/000534_left
/data/NJUD/test_data/000655_left
/data/NJUD/test_data/000700_left
/data/NJUD/test_data/000215_left
/data/NJUD/test_data/000526_left
/data/NJUD/test_data/000941_left
/data/NJUD/test_data/001005_left
/data/NJUD/test_data/001081_left
/data/NJUD/test_data/000591_left
/data/NJUD/test_data/000008_left
/data/NJUD/test_data/001594_left
/data/NJUD/test_data/000606_left
/data/NJUD/test_data/001891_left
/data/NJUD/test_data/001530_left
/data/NJUD/test_data/001222_left
/data/NJUD/test_data/001250_left
/data/NJUD/test_data/000463_left
/data/NJUD/test_data/002003_left
/data/NJUD/test_data/001604_left
/data/NJUD/test_data/001314_left
/data/NJUD/test_data/001713_left
/data/NJUD/test_data/001842_left
/data/NJUD/test_data/000698_left
/data/NJUD/test_data/001322_left
/data/NJUD/test_data/001121_left
/data/NJUD/test_data/000708_left
/data/NJUD/test_data/001797_left
/data/NJUD/test_data/001225_left
/data/NJUD/test_data/001918_left
/data/NJUD/test_data/001192_left
/data/NJUD/test_data/000339_left
/data/NJUD/test_data/001203_left
/data/NJUD/test_data/001285_left
/data/NJUD/test_data/001795_left
/data/NJUD/test_data/001947_left
/data/NJUD/test_data/001970_left
/data/NJUD/test_data/001582_left
/data/NJUD/test_data/000268_left
/data/NJUD/test_data/000654_left
/data/NJUD/test_data/000733_left
/data/NJUD/test_data/000013_left
/data/NJUD/test_data/001103_left
/data/NJUD/test_data/001064_left
/data/NJUD/test_data/000124_left
/data/NJUD/test_data/000162_left
/data/NJUD/test_data/001710_left
/data/NJUD/test_data/001447_left
/data/NJUD/test_data/001677_left
/data/NJUD/test_data/000450_left
/data/NJUD/test_data/000813_left
/data/NJUD/test_data/001984_left
/data/NJUD/test_data/001330_left
/data/NJUD/test_data/000183_left
/data/NJUD/test_data/000581_left
/data/NJUD/test_data/000425_left
/data/NJUD/test_data/000857_left
/data/NJUD/test_data/000544_left
/data/NJUD/test_data/001465_left
/data/NJUD/test_data/001957_left
/data/NJUD/test_data/001776_left
/data/NJUD/test_data/001040_left
/data/NJUD/test_data/001050_left
/data/NJUD/test_data/001608_left
/data/NJUD/test_data/000111_left
/data/NJUD/test_data/000943_left
/data/NJUD/test_data/000404_left
/data/NJUD/test_data/001709_left
/data/NJUD/test_data/001164_left
/data/NJUD/test_data/000764_left
/data/NJUD/test_data/001440_left
/data/NJUD/test_data/001144_left
/data/NJUD/test_data/001386_left
/data/NJUD/test_data/001655_left
/data/NJUD/test_data/002001_left
/data/NJUD/test_data/000728_left
/data/NJUD/test_data/001359_left
/data/NJUD/test_data/001455_left
/data/NJUD/test_data/001501_left
/data/NJUD/test_data/001294_left
/data/NJUD/test_data/000321_left
/data/NJUD/test_data/001962_left
/data/NJUD/test_data/000498_left
/data/NJUD/test_data/000472_left
/data/NJUD/test_data/000269_left
/data/NJUD/test_data/000987_left
/data/NJUD/test_data/000199_left
/data/NJUD/test_data/000688_left
/data/NJUD/test_data/000382_left
/data/NJUD/test_data/001472_left
/data/NJUD/test_data/001668_left
/data/NJUD/test_data/001843_left
/data/NJUD/test_data/001229_left
/data/NJUD/test_data/001858_left
/data/NJUD/test_data/000396_left
/data/NJUD/test_data/001786_left
/data/NJUD/test_data/001550_left
/data/NJUD/test_data/001211_left
/data/NJUD/test_data/000167_left
/data/NJUD/test_data/001835_left
/data/NJUD/test_data/000709_left
/data/NJUD/test_data/001807_left
/data/NJUD/test_data/000773_left
/data/NJUD/test_data/000790_left
/data/NJUD/test_data/000388_left
/data/NJUD/test_data/000454_left
/data/NJUD/test_data/000766_left
/data/NJUD/test_data/001974_left
/data/NJUD/test_data/000919_left
/data/NJUD/test_data/000853_left
/data/NJUD/test_data/001927_left
/data/NJUD/test_data/000208_left
/data/NJUD/test_data/000100_left
/data/NJUD/test_data/001244_left
/data/NJUD/test_data/000274_left
/data/NJUD/test_data/001376_left
/data/NJUD/test_data/000188_left
/data/NJUD/test_data/000993_left
/data/NJUD/test_data/001091_left
