/data/NJUD/train_data/000347_left
/data/NJUD/train_data/001489_left
/data/NJUD/train_data/000148_left
/data/NJUD/train_data/001453_left
/data/NJUD/train_data/000130_left
/data/NJUD/train_data/001006_left
/data/NJUD/train_data/000280_left
/data/NJUD/train_data/000133_left
/data/NJUD/train_data/001646_left
/data/NJUD/train_data/000783_left
/data/NJUD/train_data/001620_left
/data/NJUD/train_data/001197_left
/data/NJUD/train_data/001161_left
/data/NJUD/train_data/000446_left
/data/NJUD/train_data/001534_left
/data/NJUD/train_data/001143_left
/data/NJUD/train_data/001560_left
/data/NJUD/train_data/001233_left
/data/NJUD/train_data/000504_left
/data/NJUD/train_data/000291_left
/data/NJUD/train_data/000019_left
/data/NJUD/train_data/000487_left
/data/NJUD/train_data/000443_left
/data/NJUD/train_data/001153_left
/data/NJUD/train_data/000640_left
/data/NJUD/train_data/000370_left
/data/NJUD/train_data/000656_left
/data/NJUD/train_data/001432_left
/data/NJUD/train_data/000821_left
/data/NJUD/train_data/000593_left
/data/NJUD/train_data/000972_left
/data/NJUD/train_data/001828_left
/data/NJUD/train_data/001444_left
/data/NJUD/train_data/001344_left
/data/NJUD/train_data/001825_left
/data/NJUD/train_data/000279_left
/data/NJUD/train_data/001831_left
/data/NJUD/train_data/000372_left
/data/NJUD/train_data/000762_left
/data/NJUD/train_data/000902_left
/data/NJUD/train_data/000481_left
/data/NJUD/train_data/000641_left
/data/NJUD/train_data/000614_left
/data/NJUD/train_data/001403_left
/data/NJUD/train_data/000135_left
/data/NJUD/train_data/001320_left
/data/NJUD/train_data/001570_left
/data/NJUD/train_data/000399_left
/data/NJUD/train_data/000074_left
/data/NJUD/train_data/000565_left
/data/NJUD/train_data/001867_left
/data/NJUD/train_data/000001_left
/data/NJUD/train_data/000672_left
/data/NJUD/train_data/001475_left
/data/NJUD/train_data/000061_left
/data/NJUD/train_data/001479_left
/data/NJUD/train_data/000173_left
/data/NJUD/train_data/001276_left
/data/NJUD/train_data/001875_left
/data/NJUD/train_data/001137_left
/data/NJUD/train_data/001456_left
/data/NJUD/train_data/001065_left
/data/NJUD/train_data/001468_left
/data/NJUD/train_data/001057_left
/data/NJUD/train_data/001284_left
/data/NJUD/train_data/001124_left
/data/NJUD/train_data/000599_left
/data/NJUD/train_data/001481_left
/data/NJUD/train_data/001698_left
/data/NJUD/train_data/000612_left
/data/NJUD/train_data/000978_left
/data/NJUD/train_data/001185_left
/data/NJUD/train_data/001537_left
/data/NJUD/train_data/001048_left
/data/NJUD/train_data/000528_left
/data/NJUD/train_data/001706_left
/data/NJUD/train_data/000374_left
/data/NJUD/train_data/001451_left
/data/NJUD/train_data/001532_left
/data/NJUD/train_data/000054_left
/data/NJUD/train_data/000514_left
/data/NJUD/train_data/000429_left
/data/NJUD/train_data/000657_left
/data/NJUD/train_data/001868_left
/data/NJUD/train_data/001385_left
/data/NJUD/train_data/001819_left
/data/NJUD/train_data/000726_left
/data/NJUD/train_data/000575_left
/data/NJUD/train_data/000799_left
/data/NJUD/train_data/000229_left
/data/NJUD/train_data/001673_left
/data/NJUD/train_data/000796_left
/data/NJUD/train_data/000341_left
/data/NJUD/train_data/000787_left
/data/NJUD/train_data/001051_left
/data/NJUD/train_data/000589_left
/data/NJUD/train_data/001490_left
/data/NJUD/train_data/000453_left
/data/NJUD/train_data/001083_left
/data/NJUD/train_data/000669_left
/data/NJUD/train_data/001683_left
/data/NJUD/train_data/001749_left
/data/NJUD/train_data/001316_left
/data/NJUD/train_data/001780_left
/data/NJUD/train_data/000479_left
/data/NJUD/train_data/000422_left
/data/NJUD/train_data/000724_left
/data/NJUD/train_data/001605_left
/data/NJUD/train_data/001497_left
/data/NJUD/train_data/000329_left
/data/NJUD/train_data/000175_left
/data/NJUD/train_data/001590_left
/data/NJUD/train_data/000874_left
/data/NJUD/train_data/000639_left
/data/NJUD/train_data/000684_left
/data/NJUD/train_data/000394_left
/data/NJUD/train_data/000007_left
/data/NJUD/train_data/001272_left
/data/NJUD/train_data/001461_left
/data/NJUD/train_data/000352_left
/data/NJUD/train_data/001726_left
/data/NJUD/train_data/000113_left
/data/NJUD/train_data/001270_left
/data/NJUD/train_data/000311_left
/data/NJUD/train_data/000693_left
/data/NJUD/train_data/000346_left
/data/NJUD/train_data/000811_left
/data/NJUD/train_data/001585_left
/data/NJUD/train_data/000371_left
/data/NJUD/train_data/001536_left
/data/NJUD/train_data/001360_left
/data/NJUD/train_data/000903_left
/data/NJUD/train_data/000461_left
/data/NJUD/train_data/001402_left
/data/NJUD/train_data/001581_left
/data/NJUD/train_data/001350_left
/data/NJUD/train_data/000153_left
/data/NJUD/train_data/001346_left
/data/NJUD/train_data/001905_left
/data/NJUD/train_data/000973_left
/data/NJUD/train_data/000907_left
/data/NJUD/train_data/001639_left
/data/NJUD/train_data/000519_left
/data/NJUD/train_data/000301_left
/data/NJUD/train_data/000687_left
/data/NJUD/train_data/001149_left
/data/NJUD/train_data/000897_left
/data/NJUD/train_data/000954_left
/data/NJUD/train_data/000309_left
/data/NJUD/train_data/001602_left
/data/NJUD/train_data/001491_left
/data/NJUD/train_data/000950_left
/data/NJUD/train_data/001398_left
/data/NJUD/train_data/001147_left
/data/NJUD/train_data/001358_left
/data/NJUD/train_data/001097_left
/data/NJUD/train_data/000044_left
/data/NJUD/train_data/001954_left
/data/NJUD/train_data/001395_left
/data/NJUD/train_data/000287_left
/data/NJUD/train_data/000325_left
/data/NJUD/train_data/001467_left
/data/NJUD/train_data/001872_left
/data/NJUD/train_data/000590_left
/data/NJUD/train_data/001755_left
/data/NJUD/train_data/001390_left
/data/NJUD/train_data/000415_left
/data/NJUD/train_data/001248_left
/data/NJUD/train_data/001262_left
/data/NJUD/train_data/001029_left
/data/NJUD/train_data/000701_left
/data/NJUD/train_data/000685_left
/data/NJUD/train_data/001862_left
/data/NJUD/train_data/001067_left
/data/NJUD/train_data/001343_left
/data/NJUD/train_data/000462_left
/data/NJUD/train_data/000712_left
/data/NJUD/train_data/001715_left
/data/NJUD/train_data/001056_left
/data/NJUD/train_data/000207_left
/data/NJUD/train_data/001763_left
/data/NJUD/train_data/000595_left
/data/NJUD/train_data/000928_left
/data/NJUD/train_data/001808_left
/data/NJUD/train_data/000744_left
/data/NJUD/train_data/000178_left
/data/NJUD/train_data/000010_left
/data/NJUD/train_data/000081_left
/data/NJUD/train_data/001558_left
/data/NJUD/train_data/000480_left
/data/NJUD/train_data/001579_left
/data/NJUD/train_data/000105_left
/data/NJUD/train_data/001589_left
/data/NJUD/train_data/000205_left
/data/NJUD/train_data/000597_left
/data/NJUD/train_data/001680_left
/data/NJUD/train_data/001663_left
/data/NJUD/train_data/001122_left
/data/NJUD/train_data/001811_left
/data/NJUD/train_data/000328_left
/data/NJUD/train_data/000725_left
/data/NJUD/train_data/000217_left
/data/NJUD/train_data/001066_left
/data/NJUD/train_data/001760_left
/data/NJUD/train_data/000944_left
/data/NJUD/train_data/000731_left
/data/NJUD/train_data/000180_left
/data/NJUD/train_data/001317_left
/data/NJUD/train_data/000867_left
/data/NJUD/train_data/001514_left
/data/NJUD/train_data/000098_left
/data/NJUD/train_data/000659_left
/data/NJUD/train_data/000136_left
/data/NJUD/train_data/001088_left
/data/NJUD/train_data/001058_left
/data/NJUD/train_data/000234_left
/data/NJUD/train_data/000182_left
/data/NJUD/train_data/000042_left
/data/NJUD/train_data/000585_left
/data/NJUD/train_data/001004_left
/data/NJUD/train_data/000418_left
/data/NJUD/train_data/000006_left
/data/NJUD/train_data/001047_left
/data/NJUD/train_data/000660_left
/data/NJUD/train_data/001511_left
/data/NJUD/train_data/000012_left
/data/NJUD/train_data/000608_left
/data/NJUD/train_data/001953_left
/data/NJUD/train_data/001299_left
/data/NJUD/train_data/001098_left
/data/NJUD/train_data/001324_left
/data/NJUD/train_data/001880_left
/data/NJUD/train_data/000165_left
/data/NJUD/train_data/000753_left
/data/NJUD/train_data/001189_left
/data/NJUD/train_data/000190_left
/data/NJUD/train_data/000617_left
/data/NJUD/train_data/000986_left
/data/NJUD/train_data/001281_left
/data/NJUD/train_data/000934_left
/data/NJUD/train_data/000077_left
/data/NJUD/train_data/000085_left
/data/NJUD/train_data/001392_left
/data/NJUD/train_data/000788_left
/data/NJUD/train_data/000345_left
/data/NJUD/train_data/001484_left
/data/NJUD/train_data/001688_left
/data/NJUD/train_data/000689_left
/data/NJUD/train_data/001116_left
/data/NJUD/train_data/000313_left
/data/NJUD/train_data/001965_left
/data/NJUD/train_data/001732_left
/data/NJUD/train_data/001110_left
/data/NJUD/train_data/000805_left
/data/NJUD/train_data/000578_left
/data/NJUD/train_data/001689_left
/data/NJUD/train_data/001942_left
/data/NJUD/train_data/001092_left
/data/NJUD/train_data/001844_left
/data/NJUD/train_data/001326_left
/data/NJUD/train_data/000282_left
/data/NJUD/train_data/001525_left
/data/NJUD/train_data/001967_left
/data/NJUD/train_data/000143_left
/data/NJUD/train_data/001675_left
/data/NJUD/train_data/000759_left
/data/NJUD/train_data/001778_left
/data/NJUD/train_data/001424_left
/data/NJUD/train_data/000464_left
/data/NJUD/train_data/001821_left
/data/NJUD/train_data/000338_left
/data/NJUD/train_data/000878_left
/data/NJUD/train_data/001913_left
/data/NJUD/train_data/000705_left
/data/NJUD/train_data/001993_left
/data/NJUD/train_data/001228_left
/data/NJUD/train_data/000380_left
/data/NJUD/train_data/001538_left
/data/NJUD/train_data/000885_left
/data/NJUD/train_data/001848_left
/data/NJUD/train_data/001621_left
/data/NJUD/train_data/001945_left
/data/NJUD/train_data/001982_left
/data/NJUD/train_data/000675_left
/data/NJUD/train_data/000166_left
/data/NJUD/train_data/001127_left
/data/NJUD/train_data/000036_left
/data/NJUD/train_data/000456_left
/data/NJUD/train_data/000400_left
/data/NJUD/train_data/000366_left
/data/NJUD/train_data/001238_left
/data/NJUD/train_data/000570_left
/data/NJUD/train_data/000491_left
/data/NJUD/train_data/000838_left
/data/NJUD/train_data/001108_left
/data/NJUD/train_data/001540_left
/data/NJUD/train_data/001246_left
/data/NJUD/train_data/000070_left
/data/NJUD/train_data/000540_left
/data/NJUD/train_data/001182_left
/data/NJUD/train_data/000609_left
/data/NJUD/train_data/001205_left
/data/NJUD/train_data/000470_left
/data/NJUD/train_data/000059_left
/data/NJUD/train_data/001873_left
/data/NJUD/train_data/001587_left
/data/NJUD/train_data/001768_left
/data/NJUD/train_data/001061_left
/data/NJUD/train_data/001561_left
/data/NJUD/train_data/001460_left
/data/NJUD/train_data/000142_left
/data/NJUD/train_data/000249_left
/data/NJUD/train_data/001297_left
/data/NJUD/train_data/000915_left
/data/NJUD/train_data/001295_left
/data/NJUD/train_data/001175_left
/data/NJUD/train_data/000195_left
/data/NJUD/train_data/001756_left
/data/NJUD/train_data/000750_left
/data/NJUD/train_data/001790_left
/data/NJUD/train_data/001201_left
/data/NJUD/train_data/001961_left
/data/NJUD/train_data/001239_left
/data/NJUD/train_data/000560_left
/data/NJUD/train_data/000904_left
/data/NJUD/train_data/000835_left
/data/NJUD/train_data/001030_left
/data/NJUD/train_data/000359_left
/data/NJUD/train_data/000193_left
/data/NJUD/train_data/000951_left
/data/NJUD/train_data/001371_left
/data/NJUD/train_data/000629_left
/data/NJUD/train_data/000129_left
/data/NJUD/train_data/001488_left
/data/NJUD/train_data/000286_left
/data/NJUD/train_data/001702_left
/data/NJUD/train_data/001162_left
/data/NJUD/train_data/001546_left
/data/NJUD/train_data/001626_left
/data/NJUD/train_data/000147_left
/data/NJUD/train_data/000729_left
/data/NJUD/train_data/000168_left
/data/NJUD/train_data/001095_left
/data/NJUD/train_data/001082_left
/data/NJUD/train_data/000317_left
/data/NJUD/train_data/000144_left
/data/NJUD/train_data/001539_left
/data/NJUD/train_data/000772_left
/data/NJUD/train_data/000138_left
/data/NJUD/train_data/000376_left
/data/NJUD/train_data/001705_left
/data/NJUD/train_data/000357_left
/data/NJUD/train_data/000427_left
/data/NJUD/train_data/001818_left
/data/NJUD/train_data/000955_left
/data/NJUD/train_data/001851_left
/data/NJUD/train_data/000060_left
/data/NJUD/train_data/001183_left
/data/NJUD/train_data/001516_left
/data/NJUD/train_data/001930_left
/data/NJUD/train_data/001375_left
/data/NJUD/train_data/000818_left
/data/NJUD/train_data/000140_left
/data/NJUD/train_data/000064_left
/data/NJUD/train_data/000814_left
/data/NJUD/train_data/000037_left
/data/NJUD/train_data/001752_left
/data/NJUD/train_data/000083_left
/data/NJUD/train_data/001937_left
/data/NJUD/train_data/001728_left
/data/NJUD/train_data/000922_left
/data/NJUD/train_data/001988_left
/data/NJUD/train_data/000739_left
/data/NJUD/train_data/000473_left
/data/NJUD/train_data/000996_left
/data/NJUD/train_data/000588_left
/data/NJUD/train_data/000992_left
/data/NJUD/train_data/001740_left
/data/NJUD/train_data/000908_left
/data/NJUD/train_data/000881_left
/data/NJUD/train_data/000337_left
/data/NJUD/train_data/000623_left
/data/NJUD/train_data/001610_left
/data/NJUD/train_data/001895_left
/data/NJUD/train_data/001308_left
/data/NJUD/train_data/001410_left
/data/NJUD/train_data/000906_left
/data/NJUD/train_data/000984_left
/data/NJUD/train_data/000673_left
/data/NJUD/train_data/001094_left
/data/NJUD/train_data/000254_left
/data/NJUD/train_data/001923_left
/data/NJUD/train_data/001013_left
/data/NJUD/train_data/000449_left
/data/NJUD/train_data/000719_left
/data/NJUD/train_data/001963_left
/data/NJUD/train_data/000971_left
/data/NJUD/train_data/001177_left
/data/NJUD/train_data/001101_left
/data/NJUD/train_data/001694_left
/data/NJUD/train_data/000784_left
/data/NJUD/train_data/000093_left
/data/NJUD/train_data/001321_left
/data/NJUD/train_data/000086_left
/data/NJUD/train_data/000602_left
/data/NJUD/train_data/000238_left
/data/NJUD/train_data/001054_left
/data/NJUD/train_data/000241_left
/data/NJUD/train_data/001268_left
/data/NJUD/train_data/000407_left
/data/NJUD/train_data/001024_left
/data/NJUD/train_data/000115_left
/data/NJUD/train_data/001916_left
/data/NJUD/train_data/001571_left
/data/NJUD/train_data/000497_left
/data/NJUD/train_data/001263_left
/data/NJUD/train_data/000018_left
/data/NJUD/train_data/000186_left
/data/NJUD/train_data/001607_left
/data/NJUD/train_data/001929_left
/data/NJUD/train_data/000924_left
/data/NJUD/train_data/000158_left
/data/NJUD/train_data/000686_left
/data/NJUD/train_data/000065_left
/data/NJUD/train_data/000603_left
/data/NJUD/train_data/000255_left
/data/NJUD/train_data/001312_left
/data/NJUD/train_data/001469_left
/data/NJUD/train_data/000362_left
/data/NJUD/train_data/000706_left
/data/NJUD/train_data/000038_left
/data/NJUD/train_data/000681_left
/data/NJUD/train_data/001648_left
/data/NJUD/train_data/001820_left
/data/NJUD/train_data/000189_left
/data/NJUD/train_data/001904_left
/data/NJUD/train_data/001020_left
/data/NJUD/train_data/001730_left
/data/NJUD/train_data/001979_left
/data/NJUD/train_data/000553_left
/data/NJUD/train_data/001860_left
/data/NJUD/train_data/000756_left
/data/NJUD/train_data/001684_left
/data/NJUD/train_data/000393_left
/data/NJUD/train_data/000872_left
/data/NJUD/train_data/000598_left
/data/NJUD/train_data/001131_left
/data/NJUD/train_data/000245_left
/data/NJUD/train_data/001113_left
/data/NJUD/train_data/000233_left
/data/NJUD/train_data/000515_left
/data/NJUD/train_data/000507_left
/data/NJUD/train_data/000812_left
/data/NJUD/train_data/001010_left
/data/NJUD/train_data/000395_left
/data/NJUD/train_data/000549_left
/data/NJUD/train_data/000826_left
/data/NJUD/train_data/001271_left
/data/NJUD/train_data/000985_left
/data/NJUD/train_data/000108_left
/data/NJUD/train_data/000039_left
/data/NJUD/train_data/000420_left
/data/NJUD/train_data/001422_left
/data/NJUD/train_data/000714_left
/data/NJUD/train_data/000231_left
/data/NJUD/train_data/000995_left
/data/NJUD/train_data/000671_left
/data/NJUD/train_data/001278_left
/data/NJUD/train_data/001015_left
/data/NJUD/train_data/000572_left
/data/NJUD/train_data/001720_left
/data/NJUD/train_data/001492_left
/data/NJUD/train_data/001521_left
/data/NJUD/train_data/000716_left
/data/NJUD/train_data/000211_left
/data/NJUD/train_data/000633_left
/data/NJUD/train_data/000103_left
/data/NJUD/train_data/000948_left
/data/NJUD/train_data/001381_left
/data/NJUD/train_data/000538_left
/data/NJUD/train_data/000104_left
/data/NJUD/train_data/000102_left
/data/NJUD/train_data/000745_left
/data/NJUD/train_data/000466_left
/data/NJUD/train_data/000137_left
/data/NJUD/train_data/001118_left
/data/NJUD/train_data/000789_left
/data/NJUD/train_data/001624_left
/data/NJUD/train_data/001441_left
/data/NJUD/train_data/001290_left
/data/NJUD/train_data/001697_left
/data/NJUD/train_data/001412_left
/data/NJUD/train_data/000952_left
/data/NJUD/train_data/000046_left
/data/NJUD/train_data/000877_left
/data/NJUD/train_data/001832_left
/data/NJUD/train_data/001886_left
/data/NJUD/train_data/001754_left
/data/NJUD/train_data/001208_left
/data/NJUD/train_data/000305_left
/data/NJUD/train_data/000966_left
/data/NJUD/train_data/000573_left
/data/NJUD/train_data/000763_left
/data/NJUD/train_data/001470_left
/data/NJUD/train_data/001898_left
/data/NJUD/train_data/001662_left
/data/NJUD/train_data/001236_left
/data/NJUD/train_data/001120_left
/data/NJUD/train_data/000293_left
/data/NJUD/train_data/001302_left
/data/NJUD/train_data/001173_left
/data/NJUD/train_data/000460_left
/data/NJUD/train_data/000014_left
/data/NJUD/train_data/001687_left
/data/NJUD/train_data/001243_left
/data/NJUD/train_data/000484_left
/data/NJUD/train_data/000177_left
/data/NJUD/train_data/001504_left
/data/NJUD/train_data/001112_left
/data/NJUD/train_data/001104_left
/data/NJUD/train_data/001289_left
/data/NJUD/train_data/001545_left
/data/NJUD/train_data/001420_left
/data/NJUD/train_data/000101_left
/data/NJUD/train_data/001779_left
/data/NJUD/train_data/001551_left
/data/NJUD/train_data/001494_left
/data/NJUD/train_data/001318_left
/data/NJUD/train_data/000049_left
/data/NJUD/train_data/001340_left
/data/NJUD/train_data/001845_left
/data/NJUD/train_data/000815_left
/data/NJUD/train_data/000988_left
/data/NJUD/train_data/001096_left
/data/NJUD/train_data/001567_left
/data/NJUD/train_data/001418_left
/data/NJUD/train_data/001855_left
/data/NJUD/train_data/000794_left
/data/NJUD/train_data/001883_left
/data/NJUD/train_data/000666_left
/data/NJUD/train_data/000931_left
/data/NJUD/train_data/001853_left
/data/NJUD/train_data/001718_left
/data/NJUD/train_data/000078_left
/data/NJUD/train_data/001978_left
/data/NJUD/train_data/000864_left
/data/NJUD/train_data/001351_left
/data/NJUD/train_data/000467_left
/data/NJUD/train_data/001332_left
/data/NJUD/train_data/000068_left
/data/NJUD/train_data/001493_left
/data/NJUD/train_data/001615_left
/data/NJUD/train_data/001221_left
/data/NJUD/train_data/001869_left
/data/NJUD/train_data/001128_left
/data/NJUD/train_data/000920_left
/data/NJUD/train_data/000094_left
/data/NJUD/train_data/000225_left
/data/NJUD/train_data/001990_left
/data/NJUD/train_data/000678_left
/data/NJUD/train_data/001210_left
/data/NJUD/train_data/001833_left
/data/NJUD/train_data/000926_left
/data/NJUD/train_data/000057_left
/data/NJUD/train_data/000088_left
/data/NJUD/train_data/000936_left
/data/NJUD/train_data/000510_left
/data/NJUD/train_data/000871_left
/data/NJUD/train_data/001864_left
/data/NJUD/train_data/001941_left
/data/NJUD/train_data/001169_left
/data/NJUD/train_data/000580_left
/data/NJUD/train_data/001087_left
/data/NJUD/train_data/000956_left
/data/NJUD/train_data/000154_left
/data/NJUD/train_data/001850_left
/data/NJUD/train_data/000837_left
/data/NJUD/train_data/001838_left
/data/NJUD/train_data/000855_left
/data/NJUD/train_data/000067_left
/data/NJUD/train_data/001135_left
/data/NJUD/train_data/000676_left
/data/NJUD/train_data/001903_left
/data/NJUD/train_data/000373_left
/data/NJUD/train_data/001611_left
/data/NJUD/train_data/001793_left
/data/NJUD/train_data/001523_left
/data/NJUD/train_data/001674_left
/data/NJUD/train_data/000435_left
/data/NJUD/train_data/001193_left
/data/NJUD/train_data/001894_left
/data/NJUD/train_data/000041_left
/data/NJUD/train_data/001327_left
/data/NJUD/train_data/000099_left
/data/NJUD/train_data/001870_left
/data/NJUD/train_data/000947_left
/data/NJUD/train_data/001518_left
/data/NJUD/train_data/000056_left
/data/NJUD/train_data/000197_left
/data/NJUD/train_data/001313_left
/data/NJUD/train_data/001695_left
/data/NJUD/train_data/001090_left
/data/NJUD/train_data/001719_left
/data/NJUD/train_data/001739_left
/data/NJUD/train_data/000204_left
/data/NJUD/train_data/001861_left
/data/NJUD/train_data/001617_left
/data/NJUD/train_data/001259_left
/data/NJUD/train_data/001812_left
/data/NJUD/train_data/001874_left
/data/NJUD/train_data/000646_left
/data/NJUD/train_data/000063_left
/data/NJUD/train_data/001568_left
/data/NJUD/train_data/001041_left
/data/NJUD/train_data/001801_left
/data/NJUD/train_data/001783_left
/data/NJUD/train_data/000801_left
/data/NJUD/train_data/001983_left
/data/NJUD/train_data/001606_left
/data/NJUD/train_data/001527_left
/data/NJUD/train_data/001174_left
/data/NJUD/train_data/001274_left
/data/NJUD/train_data/001669_left
/data/NJUD/train_data/000524_left
/data/NJUD/train_data/001700_left
/data/NJUD/train_data/001195_left
/data/NJUD/train_data/000829_left
/data/NJUD/train_data/000367_left
/data/NJUD/train_data/000548_left
/data/NJUD/train_data/001846_left
/data/NJUD/train_data/000343_left
/data/NJUD/train_data/000964_left
/data/NJUD/train_data/000307_left
/data/NJUD/train_data/001856_left
/data/NJUD/train_data/000433_left
/data/NJUD/train_data/000494_left
/data/NJUD/train_data/001893_left
/data/NJUD/train_data/001448_left
/data/NJUD/train_data/001457_left
/data/NJUD/train_data/001042_left
/data/NJUD/train_data/001936_left
/data/NJUD/train_data/000351_left
/data/NJUD/train_data/001305_left
/data/NJUD/train_data/000743_left
/data/NJUD/train_data/001134_left
/data/NJUD/train_data/000827_left
/data/NJUD/train_data/001044_left
/data/NJUD/train_data/000457_left
/data/NJUD/train_data/000702_left
/data/NJUD/train_data/001155_left
/data/NJUD/train_data/001499_left
/data/NJUD/train_data/000426_left
/data/NJUD/train_data/000720_left
/data/NJUD/train_data/001404_left
/data/NJUD/train_data/000243_left
/data/NJUD/train_data/000935_left
/data/NJUD/train_data/001373_left
/data/NJUD/train_data/001072_left
/data/NJUD/train_data/000123_left
/data/NJUD/train_data/001772_left
/data/NJUD/train_data/001026_left
/data/NJUD/train_data/001140_left
/data/NJUD/train_data/001315_left
/data/NJUD/train_data/000066_left
/data/NJUD/train_data/000965_left
/data/NJUD/train_data/001948_left
/data/NJUD/train_data/001559_left
/data/NJUD/train_data/001374_left
/data/NJUD/train_data/001699_left
/data/NJUD/train_data/000556_left
/data/NJUD/train_data/000945_left
/data/NJUD/train_data/001060_left
/data/NJUD/train_data/000536_left
/data/NJUD/train_data/000979_left
/data/NJUD/train_data/001915_left
/data/NJUD/train_data/000475_left
/data/NJUD/train_data/000554_left
/data/NJUD/train_data/000262_left
/data/NJUD/train_data/000015_left
/data/NJUD/train_data/000493_left
/data/NJUD/train_data/000392_left
/data/NJUD/train_data/001093_left
/data/NJUD/train_data/001556_left
/data/NJUD/train_data/000775_left
/data/NJUD/train_data/000288_left
/data/NJUD/train_data/001637_left
/data/NJUD/train_data/001520_left
/data/NJUD/train_data/000247_left
/data/NJUD/train_data/001414_left
/data/NJUD/train_data/001260_left
/data/NJUD/train_data/000235_left
/data/NJUD/train_data/001331_left
/data/NJUD/train_data/000530_left
/data/NJUD/train_data/000942_left
/data/NJUD/train_data/000244_left
/data/NJUD/train_data/001834_left
/data/NJUD/train_data/000009_left
/data/NJUD/train_data/001641_left
/data/NJUD/train_data/001073_left
/data/NJUD/train_data/000076_left
/data/NJUD/train_data/000259_left
/data/NJUD/train_data/000727_left
/data/NJUD/train_data/000062_left
/data/NJUD/train_data/001738_left
/data/NJUD/train_data/001419_left
/data/NJUD/train_data/000503_left
/data/NJUD/train_data/001428_left
/data/NJUD/train_data/001566_left
/data/NJUD/train_data/000559_left
/data/NJUD/train_data/000596_left
/data/NJUD/train_data/000252_left
/data/NJUD/train_data/000032_left
/data/NJUD/train_data/000230_left
/data/NJUD/train_data/000312_left
/data/NJUD/train_data/001378_left
/data/NJUD/train_data/000506_left
/data/NJUD/train_data/001601_left
/data/NJUD/train_data/001298_left
/data/NJUD/train_data/000192_left
/data/NJUD/train_data/001785_left
/data/NJUD/train_data/000776_left
/data/NJUD/train_data/001574_left
/data/NJUD/train_data/001555_left
/data/NJUD/train_data/001767_left
/data/NJUD/train_data/001200_left
/data/NJUD/train_data/001696_left
/data/NJUD/train_data/001830_left
/data/NJUD/train_data/001625_left
/data/NJUD/train_data/000817_left
/data/NJUD/train_data/001799_left
/data/NJUD/train_data/001435_left
/data/NJUD/train_data/001796_left
/data/NJUD/train_data/000601_left
/data/NJUD/train_data/001692_left
/data/NJUD/train_data/000431_left
/data/NJUD/train_data/000638_left
/data/NJUD/train_data/000607_left
/data/NJUD/train_data/000555_left
/data/NJUD/train_data/001245_left
/data/NJUD/train_data/000561_left
/data/NJUD/train_data/001743_left
/data/NJUD/train_data/001791_left
/data/NJUD/train_data/000253_left
/data/NJUD/train_data/000045_left
/data/NJUD/train_data/001769_left
/data/NJUD/train_data/000533_left
/data/NJUD/train_data/000976_left
/data/NJUD/train_data/000485_left
/data/NJUD/train_data/000232_left
/data/NJUD/train_data/001751_left
/data/NJUD/train_data/000923_left
/data/NJUD/train_data/000691_left
/data/NJUD/train_data/001079_left
/data/NJUD/train_data/001777_left
/data/NJUD/train_data/001242_left
/data/NJUD/train_data/000568_left
/data/NJUD/train_data/001348_left
/data/NJUD/train_data/000029_left
/data/NJUD/train_data/001231_left
/data/NJUD/train_data/001866_left
/data/NJUD/train_data/000424_left
/data/NJUD/train_data/001944_left
/data/NJUD/train_data/001486_left
/data/NJUD/train_data/000962_left
/data/NJUD/train_data/000875_left
/data/NJUD/train_data/000569_left
/data/NJUD/train_data/000537_left
/data/NJUD/train_data/000489_left
/data/NJUD/train_data/001191_left
/data/NJUD/train_data/000619_left
/data/NJUD/train_data/001158_left
/data/NJUD/train_data/001038_left
/data/NJUD/train_data/000281_left
/data/NJUD/train_data/000927_left
/data/NJUD/train_data/000665_left
/data/NJUD/train_data/000072_left
/data/NJUD/train_data/000622_left
/data/NJUD/train_data/001117_left
/data/NJUD/train_data/001427_left
/data/NJUD/train_data/001084_left
/data/NJUD/train_data/000361_left
/data/NJUD/train_data/001438_left
/data/NJUD/train_data/000278_left
/data/NJUD/train_data/000411_left
/data/NJUD/train_data/000413_left
/data/NJUD/train_data/001018_left
/data/NJUD/train_data/000438_left
/data/NJUD/train_data/001660_left
/data/NJUD/train_data/000539_left
/data/NJUD/train_data/001723_left
/data/NJUD/train_data/000412_left
/data/NJUD/train_data/001303_left
/data/NJUD/train_data/000203_left
/data/NJUD/train_data/001859_left
/data/NJUD/train_data/001142_left
/data/NJUD/train_data/000647_left
/data/NJUD/train_data/001126_left
/data/NJUD/train_data/000331_left
/data/NJUD/train_data/001129_left
/data/NJUD/train_data/001416_left
/data/NJUD/train_data/000804_left
/data/NJUD/train_data/001773_left
/data/NJUD/train_data/001634_left
/data/NJUD/train_data/001219_left
/data/NJUD/train_data/000294_left
/data/NJUD/train_data/001230_left
/data/NJUD/train_data/000265_left
/data/NJUD/train_data/001926_left
/data/NJUD/train_data/000737_left
/data/NJUD/train_data/000444_left
/data/NJUD/train_data/000888_left
/data/NJUD/train_data/000405_left
/data/NJUD/train_data/000600_left
/data/NJUD/train_data/001889_left
/data/NJUD/train_data/000674_left
/data/NJUD/train_data/000683_left
/data/NJUD/train_data/001704_left
/data/NJUD/train_data/000843_left
/data/NJUD/train_data/001666_left
/data/NJUD/train_data/001878_left
/data/NJUD/train_data/001502_left
/data/NJUD/train_data/001107_left
/data/NJUD/train_data/000800_left
/data/NJUD/train_data/001370_left
/data/NJUD/train_data/000828_left
/data/NJUD/train_data/001881_left
/data/NJUD/train_data/000383_left
/data/NJUD/train_data/001382_left
/data/NJUD/train_data/000713_left
/data/NJUD/train_data/000200_left
/data/NJUD/train_data/001686_left
/data/NJUD/train_data/001434_left
/data/NJUD/train_data/000276_left
/data/NJUD/train_data/001971_left
/data/NJUD/train_data/000841_left
/data/NJUD/train_data/000816_left
/data/NJUD/train_data/000047_left
/data/NJUD/train_data/001636_left
/data/NJUD/train_data/000615_left
/data/NJUD/train_data/001353_left
/data/NJUD/train_data/000786_left
/data/NJUD/train_data/001234_left
/data/NJUD/train_data/000752_left
/data/NJUD/train_data/000003_left
/data/NJUD/train_data/001421_left
/data/NJUD/train_data/001922_left
/data/NJUD/train_data/000228_left
/data/NJUD/train_data/000650_left
/data/NJUD/train_data/001413_left
/data/NJUD/train_data/001809_left
/data/NJUD/train_data/001157_left
/data/NJUD/train_data/001159_left
/data/NJUD/train_data/001911_left
/data/NJUD/train_data/000212_left
/data/NJUD/train_data/000723_left
/data/NJUD/train_data/001355_left
/data/NJUD/train_data/001226_left
/data/NJUD/train_data/000774_left
/data/NJUD/train_data/001341_left
/data/NJUD/train_data/000682_left
/data/NJUD/train_data/001307_left
/data/NJUD/train_data/000961_left
/data/NJUD/train_data/001658_left
/data/NJUD/train_data/000741_left
/data/NJUD/train_data/000299_left
/data/NJUD/train_data/000925_left
/data/NJUD/train_data/000201_left
/data/NJUD/train_data/001798_left
/data/NJUD/train_data/000149_left
/data/NJUD/train_data/000030_left
/data/NJUD/train_data/001664_left
/data/NJUD/train_data/001707_left
/data/NJUD/train_data/000755_left
/data/NJUD/train_data/001130_left
/data/NJUD/train_data/001458_left
/data/NJUD/train_data/001025_left
/data/NJUD/train_data/001099_left
/data/NJUD/train_data/000806_left
/data/NJUD/train_data/001339_left
/data/NJUD/train_data/000830_left
/data/NJUD/train_data/001217_left
/data/NJUD/train_data/000785_left
/data/NJUD/train_data/001531_left
/data/NJUD/train_data/000350_left
/data/NJUD/train_data/000711_left
/data/NJUD/train_data/001659_left
/data/NJUD/train_data/000718_left
/data/NJUD/train_data/000447_left
/data/NJUD/train_data/001671_left
/data/NJUD/train_data/000170_left
/data/NJUD/train_data/000880_left
/data/NJUD/train_data/000048_left
/data/NJUD/train_data/000283_left
/data/NJUD/train_data/000052_left
/data/NJUD/train_data/001863_left
/data/NJUD/train_data/000833_left
/data/NJUD/train_data/000997_left
/data/NJUD/train_data/000662_left
/data/NJUD/train_data/001405_left
/data/NJUD/train_data/000069_left
/data/NJUD/train_data/000523_left
/data/NJUD/train_data/000527_left
/data/NJUD/train_data/001022_left
/data/NJUD/train_data/001854_left
/data/NJUD/train_data/000336_left
/data/NJUD/train_data/000092_left
/data/NJUD/train_data/000521_left
/data/NJUD/train_data/000850_left
/data/NJUD/train_data/000319_left
/data/NJUD/train_data/000011_left
/data/NJUD/train_data/001119_left
/data/NJUD/train_data/000248_left
/data/NJUD/train_data/000584_left
/data/NJUD/train_data/000354_left
/data/NJUD/train_data/001411_left
/data/NJUD/train_data/001765_left
/data/NJUD/train_data/000423_left
/data/NJUD/train_data/000106_left
/data/NJUD/train_data/000179_left
/data/NJUD/train_data/000389_left
/data/NJUD/train_data/000967_left
/data/NJUD/train_data/001829_left
/data/NJUD/train_data/000738_left
/data/NJUD/train_data/001794_left
/data/NJUD/train_data/000421_left
/data/NJUD/train_data/001364_left
/data/NJUD/train_data/000465_left
/data/NJUD/train_data/001849_left
/data/NJUD/train_data/000644_left
/data/NJUD/train_data/001899_left
/data/NJUD/train_data/000004_left
/data/NJUD/train_data/001529_left
/data/NJUD/train_data/000974_left
/data/NJUD/train_data/000073_left
/data/NJUD/train_data/001449_left
/data/NJUD/train_data/001471_left
/data/NJUD/train_data/000990_left
/data/NJUD/train_data/000541_left
/data/NJUD/train_data/001981_left
/data/NJUD/train_data/000477_left
/data/NJUD/train_data/000567_left
/data/NJUD/train_data/000736_left
/data/NJUD/train_data/000022_left
/data/NJUD/train_data/000767_left
/data/NJUD/train_data/001199_left
/data/NJUD/train_data/000324_left
/data/NJUD/train_data/001106_left
/data/NJUD/train_data/001003_left
/data/NJUD/train_data/001176_left
/data/NJUD/train_data/000483_left
/data/NJUD/train_data/000005_left
/data/NJUD/train_data/000746_left
/data/NJUD/train_data/000355_left
/data/NJUD/train_data/001216_left
/data/NJUD/train_data/001283_left
/data/NJUD/train_data/000051_left
/data/NJUD/train_data/001306_left
/data/NJUD/train_data/000206_left
/data/NJUD/train_data/001379_left
/data/NJUD/train_data/000109_left
/data/NJUD/train_data/001275_left
/data/NJUD/train_data/000910_left
/data/NJUD/train_data/000116_left
/data/NJUD/train_data/001372_left
/data/NJUD/train_data/000791_left
/data/NJUD/train_data/001391_left
/data/NJUD/train_data/001762_left
/data/NJUD/train_data/001552_left
/data/NJUD/train_data/001172_left
/data/NJUD/train_data/000564_left
/data/NJUD/train_data/001770_left
/data/NJUD/train_data/000185_left
/data/NJUD/train_data/001924_left
/data/NJUD/train_data/001224_left
/data/NJUD/train_data/001575_left
/data/NJUD/train_data/001215_left
/data/NJUD/train_data/001256_left
/data/NJUD/train_data/000414_left
/data/NJUD/train_data/001323_left
/data/NJUD/train_data/000323_left
/data/NJUD/train_data/000627_left
/data/NJUD/train_data/000181_left
/data/NJUD/train_data/001496_left
/data/NJUD/train_data/001150_left
/data/NJUD/train_data/000937_left
/data/NJUD/train_data/001734_left
/data/NJUD/train_data/000327_left
/data/NJUD/train_data/000031_left
/data/NJUD/train_data/000107_left
/data/NJUD/train_data/001156_left
/data/NJUD/train_data/000236_left
/data/NJUD/train_data/000202_left
/data/NJUD/train_data/000058_left
/data/NJUD/train_data/000509_left
/data/NJUD/train_data/000401_left
/data/NJUD/train_data/000809_left
/data/NJUD/train_data/001063_left
/data/NJUD/train_data/000272_left
/data/NJUD/train_data/000550_left
/data/NJUD/train_data/000118_left
/data/NJUD/train_data/001678_left
/data/NJUD/train_data/001265_left
/data/NJUD/train_data/001445_left
/data/NJUD/train_data/001089_left
/data/NJUD/train_data/000663_left
/data/NJUD/train_data/001757_left
/data/NJUD/train_data/001593_left
/data/NJUD/train_data/000946_left
/data/NJUD/train_data/001251_left
/data/NJUD/train_data/001510_left
/data/NJUD/train_data/001771_left
/data/NJUD/train_data/000075_left
/data/NJUD/train_data/001701_left
/data/NJUD/train_data/001498_left
/data/NJUD/train_data/000002_left
/data/NJUD/train_data/000732_left
/data/NJUD/train_data/001595_left
/data/NJUD/train_data/001934_left
/data/NJUD/train_data/001643_left
/data/NJUD/train_data/001876_left
/data/NJUD/train_data/001357_left
/data/NJUD/train_data/001133_left
/data/NJUD/train_data/000304_left
/data/NJUD/train_data/001714_left
/data/NJUD/train_data/001803_left
/data/NJUD/train_data/000306_left
/data/NJUD/train_data/001254_left
/data/NJUD/train_data/000437_left
/data/NJUD/train_data/001810_left
/data/NJUD/train_data/001690_left
/data/NJUD/train_data/001055_left
/data/NJUD/train_data/001132_left
/data/NJUD/train_data/001802_left
/data/NJUD/train_data/001409_left
/data/NJUD/train_data/001148_left
/data/NJUD/train_data/001716_left
/data/NJUD/train_data/000246_left
/data/NJUD/train_data/001043_left
/data/NJUD/train_data/000793_left
/data/NJUD/train_data/001950_left
/data/NJUD/train_data/000587_left
/data/NJUD/train_data/001782_left
/data/NJUD/train_data/001543_left
/data/NJUD/train_data/001761_left
/data/NJUD/train_data/000295_left
/data/NJUD/train_data/000224_left
/data/NJUD/train_data/001578_left
/data/NJUD/train_data/001877_left
/data/NJUD/train_data/001074_left
/data/NJUD/train_data/001644_left
/data/NJUD/train_data/000053_left
/data/NJUD/train_data/000082_left
/data/NJUD/train_data/001667_left
/data/NJUD/train_data/001623_left
/data/NJUD/train_data/000604_left
/data/NJUD/train_data/001181_left
/data/NJUD/train_data/001291_left
/data/NJUD/train_data/001240_left
/data/NJUD/train_data/001338_left
/data/NJUD/train_data/001652_left
/data/NJUD/train_data/001884_left
/data/NJUD/train_data/001638_left
/data/NJUD/train_data/001387_left
/data/NJUD/train_data/001165_left
/data/NJUD/train_data/000308_left
/data/NJUD/train_data/001586_left
/data/NJUD/train_data/000398_left
/data/NJUD/train_data/000496_left
/data/NJUD/train_data/001670_left
/data/NJUD/train_data/001938_left
/data/NJUD/train_data/000499_left
/data/NJUD/train_data/001565_left
/data/NJUD/train_data/000488_left
/data/NJUD/train_data/000930_left
/data/NJUD/train_data/001627_left
/data/NJUD/train_data/000628_left
/data/NJUD/train_data/001059_left
/data/NJUD/train_data/000402_left
/data/NJUD/train_data/001443_left
/data/NJUD/train_data/001166_left
/data/NJUD/train_data/001204_left
/data/NJUD/train_data/001075_left
/data/NJUD/train_data/001487_left
/data/NJUD/train_data/001478_left
/data/NJUD/train_data/000459_left
/data/NJUD/train_data/000563_left
/data/NJUD/train_data/001466_left
/data/NJUD/train_data/000375_left
/data/NJUD/train_data/000419_left
/data/NJUD/train_data/001914_left
/data/NJUD/train_data/000869_left
/data/NJUD/train_data/001431_left
/data/NJUD/train_data/001036_left
/data/NJUD/train_data/001541_left
/data/NJUD/train_data/000994_left
/data/NJUD/train_data/000740_left
/data/NJUD/train_data/001703_left
/data/NJUD/train_data/001931_left
/data/NJUD/train_data/001517_left
/data/NJUD/train_data/001016_left
/data/NJUD/train_data/000112_left
/data/NJUD/train_data/000091_left
/data/NJUD/train_data/001505_left
/data/NJUD/train_data/000552_left
/data/NJUD/train_data/001554_left
/data/NJUD/train_data/000777_left
/data/NJUD/train_data/000080_left
/data/NJUD/train_data/000050_left
/data/NJUD/train_data/001506_left
/data/NJUD/train_data/001247_left
/data/NJUD/train_data/001925_left
/data/NJUD/train_data/000938_left
/data/NJUD/train_data/000982_left
/data/NJUD/train_data/001758_left
/data/NJUD/train_data/001640_left
/data/NJUD/train_data/001577_left
/data/NJUD/train_data/000033_left
/data/NJUD/train_data/000807_left
/data/NJUD/train_data/001892_left
/data/NJUD/train_data/000579_left
/data/NJUD/train_data/000960_left
/data/NJUD/train_data/000128_left
/data/NJUD/train_data/001563_left
/data/NJUD/train_data/000250_left
/data/NJUD/train_data/001896_left
/data/NJUD/train_data/000842_left
/data/NJUD/train_data/000747_left
/data/NJUD/train_data/000079_left
/data/NJUD/train_data/001212_left
/data/NJUD/train_data/000889_left
/data/NJUD/train_data/000256_left
/data/NJUD/train_data/001209_left
/data/NJUD/train_data/001180_left
/data/NJUD/train_data/001206_left
/data/NJUD/train_data/000310_left
/data/NJUD/train_data/000169_left
/data/NJUD/train_data/001366_left
/data/NJUD/train_data/000710_left
/data/NJUD/train_data/001618_left
/data/NJUD/train_data/000290_left
/data/NJUD/train_data/001257_left
/data/NJUD/train_data/001824_left
/data/NJUD/train_data/001319_left
/data/NJUD/train_data/001070_left
/data/NJUD/train_data/001792_left
/data/NJUD/train_data/001960_left
/data/NJUD/train_data/001764_left
/data/NJUD/train_data/001943_left
/data/NJUD/train_data/001423_left
/data/NJUD/train_data/001232_left
/data/NJUD/train_data/000194_left
/data/NJUD/train_data/001086_left
/data/NJUD/train_data/000977_left
/data/NJUD/train_data/001393_left
/data/NJUD/train_data/001635_left
/data/NJUD/train_data/001397_left
/data/NJUD/train_data/000302_left
/data/NJUD/train_data/001995_left
/data/NJUD/train_data/000125_left
/data/NJUD/train_data/000191_left
/data/NJUD/train_data/000390_left
/data/NJUD/train_data/001573_left
/data/NJUD/train_data/000511_left
/data/NJUD/train_data/000221_left
/data/NJUD/train_data/000618_left
/data/NJUD/train_data/000858_left
/data/NJUD/train_data/000913_left
/data/NJUD/train_data/000021_left
/data/NJUD/train_data/001100_left
/data/NJUD/train_data/000131_left
/data/NJUD/train_data/000055_left
/data/NJUD/train_data/000164_left
/data/NJUD/train_data/001614_left
/data/NJUD/train_data/001483_left
/data/NJUD/train_data/000730_left
/data/NJUD/train_data/001781_left
/data/NJUD/train_data/001815_left
/data/NJUD/train_data/000543_left
/data/NJUD/train_data/001544_left
/data/NJUD/train_data/001000_left
/data/NJUD/train_data/001907_left
/data/NJUD/train_data/000369_left
/data/NJUD/train_data/001745_left
/data/NJUD/train_data/001827_left
/data/NJUD/train_data/000270_left
/data/NJUD/train_data/000468_left
/data/NJUD/train_data/001287_left
/data/NJUD/train_data/000577_left
/data/NJUD/train_data/001286_left
/data/NJUD/train_data/001362_left
/data/NJUD/train_data/000150_left
/data/NJUD/train_data/000895_left
/data/NJUD/train_data/001365_left
/data/NJUD/train_data/001383_left
/data/NJUD/train_data/001987_left
/data/NJUD/train_data/001021_left
/data/NJUD/train_data/000981_left
/data/NJUD/train_data/000314_left
/data/NJUD/train_data/000679_left
/data/NJUD/train_data/001464_left
/data/NJUD/train_data/001708_left
/data/NJUD/train_data/000531_left
/data/NJUD/train_data/001592_left
/data/NJUD/train_data/000834_left
/data/NJUD/train_data/000668_left
/data/NJUD/train_data/000342_left
/data/NJUD/train_data/000408_left
/data/NJUD/train_data/000649_left
/data/NJUD/train_data/001273_left
/data/NJUD/train_data/001218_left
/data/NJUD/train_data/000696_left
/data/NJUD/train_data/000326_left
/data/NJUD/train_data/001062_left
/data/NJUD/train_data/001507_left
/data/NJUD/train_data/001408_left
/data/NJUD/train_data/000210_left
/data/NJUD/train_data/001661_left
/data/NJUD/train_data/000520_left
/data/NJUD/train_data/001619_left
/data/NJUD/train_data/000120_left
/data/NJUD/train_data/001631_left
/data/NJUD/train_data/000505_left
/data/NJUD/train_data/001304_left
/data/NJUD/train_data/000218_left
/data/NJUD/train_data/000546_left
/data/NJUD/train_data/000174_left
/data/NJUD/train_data/000161_left
/data/NJUD/train_data/000285_left
/data/NJUD/train_data/001649_left
/data/NJUD/train_data/000917_left
/data/NJUD/train_data/000914_left
/data/NJUD/train_data/000163_left
/data/NJUD/train_data/001599_left
/data/NJUD/train_data/001014_left
/data/NJUD/train_data/001179_left
/data/NJUD/train_data/000289_left
/data/NJUD/train_data/001495_left
/data/NJUD/train_data/000690_left
/data/NJUD/train_data/001011_left
/data/NJUD/train_data/000664_left
/data/NJUD/train_data/000825_left
/data/NJUD/train_data/000849_left
/data/NJUD/train_data/001609_left
/data/NJUD/train_data/001109_left
/data/NJUD/train_data/000847_left
/data/NJUD/train_data/001805_left
/data/NJUD/train_data/000797_left
/data/NJUD/train_data/001885_left
/data/NJUD/train_data/001023_left
/data/NJUD/train_data/001396_left
/data/NJUD/train_data/000141_left
/data/NJUD/train_data/000862_left
/data/NJUD/train_data/000126_left
/data/NJUD/train_data/001742_left
/data/NJUD/train_data/000970_left
/data/NJUD/train_data/000381_left
/data/NJUD/train_data/001045_left
/data/NJUD/train_data/000151_left
/data/NJUD/train_data/001354_left
/data/NJUD/train_data/000769_left
/data/NJUD/train_data/000222_left
/data/NJUD/train_data/001665_left
/data/NJUD/train_data/000983_left
/data/NJUD/train_data/000482_left
/data/NJUD/train_data/000127_left
/data/NJUD/train_data/000518_left
/data/NJUD/train_data/000020_left
/data/NJUD/train_data/000610_left
/data/NJUD/train_data/000625_left
/data/NJUD/train_data/001964_left
/data/NJUD/train_data/000980_left
/data/NJUD/train_data/001115_left
/data/NJUD/train_data/000387_left
/data/NJUD/train_data/001989_left
/data/NJUD/train_data/000613_left
/data/NJUD/train_data/001909_left
/data/NJUD/train_data/001184_left
/data/NJUD/train_data/000184_left
/data/NJUD/train_data/001288_left
/data/NJUD/train_data/001956_left
/data/NJUD/train_data/001102_left
/data/NJUD/train_data/001986_left
/data/NJUD/train_data/000016_left
/data/NJUD/train_data/001823_left
/data/NJUD/train_data/001788_left
/data/NJUD/train_data/001220_left
/data/NJUD/train_data/001600_left
/data/NJUD/train_data/000909_left
/data/NJUD/train_data/000742_left
/data/NJUD/train_data/001407_left
/data/NJUD/train_data/001515_left
/data/NJUD/train_data/001656_left
/data/NJUD/train_data/000330_left
/data/NJUD/train_data/001310_left
/data/NJUD/train_data/000899_left
/data/NJUD/train_data/000300_left
/data/NJUD/train_data/000562_left
/data/NJUD/train_data/000226_left
/data/NJUD/train_data/001442_left
/data/NJUD/train_data/000297_left
/data/NJUD/train_data/000322_left
/data/NJUD/train_data/000898_left
/data/NJUD/train_data/000434_left
/data/NJUD/train_data/001008_left
/data/NJUD/train_data/000517_left
/data/NJUD/train_data/001012_left
/data/NJUD/train_data/000844_left
/data/NJUD/train_data/000439_left
/data/NJUD/train_data/000385_left
/data/NJUD/train_data/001533_left
/data/NJUD/train_data/001439_left
/data/NJUD/train_data/000172_left
/data/NJUD/train_data/001237_left
/data/NJUD/train_data/001309_left
/data/NJUD/train_data/001034_left
/data/NJUD/train_data/000748_left
/data/NJUD/train_data/001747_left
/data/NJUD/train_data/001188_left
/data/NJUD/train_data/001389_left
/data/NJUD/train_data/000854_left
/data/NJUD/train_data/000209_left
/data/NJUD/train_data/001951_left
/data/NJUD/train_data/000409_left
/data/NJUD/train_data/001549_left
/data/NJUD/train_data/000146_left
/data/NJUD/train_data/001999_left
/data/NJUD/train_data/000495_left
/data/NJUD/train_data/001888_left
/data/NJUD/train_data/000648_left
/data/NJUD/train_data/001725_left
/data/NJUD/train_data/001596_left
/data/NJUD/train_data/001597_left
/data/NJUD/train_data/001998_left
/data/NJUD/train_data/001282_left
/data/NJUD/train_data/000583_left
/data/NJUD/train_data/000998_left
/data/NJUD/train_data/001277_left
/data/NJUD/train_data/000171_left
/data/NJUD/train_data/000284_left
/data/NJUD/train_data/001958_left
/data/NJUD/train_data/000717_left
/data/NJUD/train_data/000417_left
/data/NJUD/train_data/000432_left
/data/NJUD/train_data/001946_left
/data/NJUD/train_data/001223_left
/data/NJUD/train_data/000574_left
/data/NJUD/train_data/001154_left
/data/NJUD/train_data/000332_left
/data/NJUD/train_data/000298_left
/data/NJUD/train_data/000865_left
/data/NJUD/train_data/000707_left
/data/NJUD/train_data/000823_left
/data/NJUD/train_data/001642_left
/data/NJUD/train_data/001584_left
/data/NJUD/train_data/000839_left
/data/NJUD/train_data/000440_left
/data/NJUD/train_data/001616_left
/data/NJUD/train_data/001804_left
/data/NJUD/train_data/000704_left
/data/NJUD/train_data/000770_left
/data/NJUD/train_data/000529_left
/data/NJUD/train_data/000963_left
/data/NJUD/train_data/000160_left
/data/NJUD/train_data/000436_left
/data/NJUD/train_data/001939_left
/data/NJUD/train_data/000768_left
/data/NJUD/train_data/000441_left
/data/NJUD/train_data/001241_left
/data/NJUD/train_data/000024_left
/data/NJUD/train_data/001633_left
/data/NJUD/train_data/000832_left
/data/NJUD/train_data/001800_left
/data/NJUD/train_data/000916_left
/data/NJUD/train_data/000757_left
/data/NJUD/train_data/000159_left
/data/NJUD/train_data/000999_left
/data/NJUD/train_data/000508_left
/data/NJUD/train_data/000471_left
/data/NJUD/train_data/001202_left
/data/NJUD/train_data/001919_left
/data/NJUD/train_data/000873_left
/data/NJUD/train_data/001417_left
/data/NJUD/train_data/000263_left
/data/NJUD/train_data/000760_left
/data/NJUD/train_data/001207_left
/data/NJUD/train_data/001325_left
/data/NJUD/train_data/000522_left
/data/NJUD/train_data/001500_left
/data/NJUD/train_data/001722_left
/data/NJUD/train_data/000953_left
/data/NJUD/train_data/000378_left
/data/NJUD/train_data/000292_left
/data/NJUD/train_data/001933_left
/data/NJUD/train_data/001975_left
/data/NJUD/train_data/001334_left
/data/NJUD/train_data/001741_left
/data/NJUD/train_data/000071_left
/data/NJUD/train_data/000969_left
/data/NJUD/train_data/001759_left
/data/NJUD/train_data/000661_left
/data/NJUD/train_data/001146_left
/data/NJUD/train_data/000512_left
/data/NJUD/train_data/001328_left
/data/NJUD/train_data/001477_left
/data/NJUD/train_data/000765_left
/data/NJUD/train_data/001076_left
/data/NJUD/train_data/000901_left
/data/NJUD/train_data/001052_left
/data/NJUD/train_data/000035_left
/data/NJUD/train_data/001152_left
/data/NJUD/train_data/001920_left
/data/NJUD/train_data/001369_left
/data/NJUD/train_data/001645_left
/data/NJUD/train_data/000758_left
/data/NJUD/train_data/000808_left
/data/NJUD/train_data/000630_left
/data/NJUD/train_data/001806_left
/data/NJUD/train_data/000095_left
/data/NJUD/train_data/000932_left
/data/NJUD/train_data/000266_left
/data/NJUD/train_data/000780_left
/data/NJUD/train_data/001980_left
/data/NJUD/train_data/000879_left
/data/NJUD/train_data/000275_left
/data/NJUD/train_data/000220_left
/data/NJUD/train_data/001069_left
/data/NJUD/train_data/000751_left
/data/NJUD/train_data/000653_left
/data/NJUD/train_data/001976_left
/data/NJUD/train_data/000416_left
/data/NJUD/train_data/000810_left
/data/NJUD/train_data/001039_left
/data/NJUD/train_data/001249_left
/data/NJUD/train_data/001380_left
/data/NJUD/train_data/000242_left
/data/NJUD/train_data/001171_left
/data/NJUD/train_data/000626_left
/data/NJUD/train_data/000532_left
/data/NJUD/train_data/001513_left
/data/NJUD/train_data/001996_left
/data/NJUD/train_data/001512_left
/data/NJUD/train_data/001136_left
/data/NJUD/train_data/001630_left
/data/NJUD/train_data/000348_left
/data/NJUD/train_data/000363_left
/data/NJUD/train_data/001774_left
/data/NJUD/train_data/001235_left
/data/NJUD/train_data/001693_left
/data/NJUD/train_data/000121_left
/data/NJUD/train_data/001672_left
/data/NJUD/train_data/001213_left
/data/NJUD/train_data/001347_left
/data/NJUD/train_data/000267_left
/data/NJUD/train_data/000500_left
/data/NJUD/train_data/000096_left
/data/NJUD/train_data/001482_left
/data/NJUD/train_data/001524_left
/data/NJUD/train_data/001463_left
/data/NJUD/train_data/001576_left
/data/NJUD/train_data/001429_left
/data/NJUD/train_data/000677_left
/data/NJUD/train_data/001836_left
/data/NJUD/train_data/001729_left
/data/NJUD/train_data/000260_left
/data/NJUD/train_data/001002_left
/data/NJUD/train_data/000782_left
/data/NJUD/train_data/000442_left
/data/NJUD/train_data/001049_left
/data/NJUD/train_data/001361_left
/data/NJUD/train_data/000214_left
/data/NJUD/train_data/000870_left
/data/NJUD/train_data/001261_left
/data/NJUD/train_data/000525_left
/data/NJUD/train_data/000365_left
/data/NJUD/train_data/000152_left
/data/NJUD/train_data/000303_left
/data/NJUD/train_data/000576_left
/data/NJUD/train_data/000632_left
/data/NJUD/train_data/000264_left
/data/NJUD/train_data/001553_left
/data/NJUD/train_data/001473_left
/data/NJUD/train_data/000386_left
/data/NJUD/train_data/000798_left
/data/NJUD/train_data/000557_left
/data/NJUD/train_data/001750_left
/data/NLPR/train_data/9_03-44-46
/data/NLPR/train_data/5_06-54-21
/data/NLPR/train_data/10_03-27-23
/data/NLPR/train_data/5_06-30-33
/data/NLPR/train_data/7_07-21-43
/data/NLPR/train_data/9_01-38-16
/data/NLPR/train_data/8_08-23-30
/data/NLPR/train_data/10_01-01-03
/data/NLPR/train_data/5_06-27-09
/data/NLPR/train_data/12_03-54-13
/data/NLPR/train_data/8_08-34-08
/data/NLPR/train_data/9_02-27-52
/data/NLPR/train_data/9_07-35-51
/data/NLPR/train_data/7_07-35-39
/data/NLPR/train_data/8_08-25-40
/data/NLPR/train_data/9_01-31-11
/data/NLPR/train_data/9_03-25-18
/data/NLPR/train_data/5_06-53-32
/data/NLPR/train_data/10_12-47-15
/data/NLPR/train_data/11_04-01-27
/data/NLPR/train_data/11_03-52-45
/data/NLPR/train_data/3_09-24-55
/data/NLPR/train_data/10_12-44-11
/data/NLPR/train_data/1_10-54-36
/data/NLPR/train_data/12_04-08-35
/data/NLPR/train_data/7_07-25-16
/data/NLPR/train_data/11_03-43-46
/data/NLPR/train_data/10_03-08-15
/data/NLPR/train_data/9_03-44-37
/data/NLPR/train_data/6_05-01-08
/data/NLPR/train_data/10_02-59-15
/data/NLPR/train_data/10_03-03-22
/data/NLPR/train_data/9_03-47-07
/data/NLPR/train_data/6_07-19-32
/data/NLPR/train_data/10_12-13-02
/data/NLPR/train_data/10_01-12-50
/data/NLPR/train_data/10_03-24-14
/data/NLPR/train_data/10_12-25-32
/data/NLPR/train_data/10_12-18-11
/data/NLPR/train_data/3_09-47-57
/data/NLPR/train_data/10_03-31-00
/data/NLPR/train_data/11_03-56-18
/data/NLPR/train_data/6_06-55-57
/data/NLPR/train_data/9_07-52-35
/data/NLPR/train_data/11_03-53-20
/data/NLPR/train_data/6_04-44-50
/data/NLPR/train_data/9_02-06-47
/data/NLPR/train_data/10_09-52-22
/data/NLPR/train_data/9_04-04-14
/data/NLPR/train_data/10_03-26-56
/data/NLPR/train_data/11_03-44-38
/data/NLPR/train_data/10_03-26-11
/data/NLPR/train_data/9_07-57-19
/data/NLPR/train_data/10_03-07-13
/data/NLPR/train_data/11_03-51-37
/data/NLPR/train_data/8_08-39-10
/data/NLPR/train_data/10_03-19-53
/data/NLPR/train_data/10_01-09-49
/data/NLPR/train_data/1_03-05-13
/data/NLPR/train_data/9_12-56-10
/data/NLPR/train_data/10_09-55-36
/data/NLPR/train_data/7_07-04-59
/data/NLPR/train_data/7_06-37-05
/data/NLPR/train_data/10_03-00-02
/data/NLPR/train_data/7_07-58-37
/data/NLPR/train_data/8_08-23-35
/data/NLPR/train_data/2_07-25-37
/data/NLPR/train_data/1_03-06-41
/data/NLPR/train_data/10_01-08-35
/data/NLPR/train_data/8_08-31-40
/data/NLPR/train_data/8_08-37-02
/data/NLPR/train_data/9_03-43-02
/data/NLPR/train_data/12_03-56-44
/data/NLPR/train_data/11_03-47-14
/data/NLPR/train_data/10_12-10-33
/data/NLPR/train_data/10_03-06-26
/data/NLPR/train_data/6_07-56-17
/data/NLPR/train_data/3_10-29-25
/data/NLPR/train_data/10_03-25-59
/data/NLPR/train_data/4_06-35-14
/data/NLPR/train_data/6_07-05-13
/data/NLPR/train_data/12_03-55-39
/data/NLPR/train_data/11_04-00-52
/data/NLPR/train_data/8_08-28-07
/data/NLPR/train_data/2_06-52-20
/data/NLPR/train_data/7_07-05-46
/data/NLPR/train_data/6_06-39-23
/data/NLPR/train_data/10_03-11-32
/data/NLPR/train_data/12_03-54-57
/data/NLPR/train_data/10_01-17-12
/data/NLPR/train_data/11_03-45-32
/data/NLPR/train_data/8_10-46-56
/data/NLPR/train_data/8_08-22-22
/data/NLPR/train_data/11_04-00-00
/data/NLPR/train_data/1_02-55-12
/data/NLPR/train_data/10_12-18-55
/data/NLPR/train_data/4_06-57-44
/data/NLPR/train_data/9_07-37-31
/data/NLPR/train_data/7_06-59-03
/data/NLPR/train_data/8_11-09-13
/data/NLPR/train_data/8_10-54-53
/data/NLPR/train_data/9_12-44-00
/data/NLPR/train_data/10_09-41-16
/data/NLPR/train_data/8_11-11-20
/data/NLPR/train_data/11_04-08-55
/data/NLPR/train_data/10_12-25-45
/data/NLPR/train_data/10_09-34-29
/data/NLPR/train_data/9_12-48-13
/data/NLPR/train_data/8_08-40-24
/data/NLPR/train_data/3_09-49-08
/data/NLPR/train_data/8_08-48-49
/data/NLPR/train_data/9_01-17-00
/data/NLPR/train_data/8_08-28-02
/data/NLPR/train_data/6_07-46-05
/data/NLPR/train_data/10_03-02-44
/data/NLPR/train_data/11_03-51-48
/data/NLPR/train_data/9_12-46-50
/data/NLPR/train_data/10_12-46-57
/data/NLPR/train_data/10_01-06-00
/data/NLPR/train_data/9_12-42-25
/data/NLPR/train_data/11_03-44-14
/data/NLPR/train_data/1_02-57-56
/data/NLPR/train_data/11_03-58-12
/data/NLPR/train_data/10_03-27-44
/data/NLPR/train_data/11_04-10-05
/data/NLPR/train_data/8_08-39-00
/data/NLPR/train_data/10_01-00-44
/data/NLPR/train_data/11_04-08-22
/data/NLPR/train_data/12_04-10-31
/data/NLPR/train_data/11_03-48-09
/data/NLPR/train_data/8_08-36-33
/data/NLPR/train_data/8_08-47-15
/data/NLPR/train_data/11_03-55-16
/data/NLPR/train_data/10_12-55-09
/data/NLPR/train_data/11_04-07-07
/data/NLPR/train_data/12_03-45-44
/data/NLPR/train_data/9_07-59-08
/data/NLPR/train_data/2_06-53-46
/data/NLPR/train_data/12_04-27-00
/data/NLPR/train_data/8_08-29-44
/data/NLPR/train_data/9_08-00-38
/data/NLPR/train_data/8_10-48-13
/data/NLPR/train_data/10_12-10-01
/data/NLPR/train_data/6_07-17-07
/data/NLPR/train_data/10_12-12-13
/data/NLPR/train_data/11_04-00-46
/data/NLPR/train_data/9_12-36-52
/data/NLPR/train_data/9_07-51-52
/data/NLPR/train_data/12_03-55-32
/data/NLPR/train_data/8_08-25-02
/data/NLPR/train_data/10_09-33-21
/data/NLPR/train_data/9_01-31-39
/data/NLPR/train_data/11_03-51-12
/data/NLPR/train_data/4_06-57-40
/data/NLPR/train_data/9_07-56-19
/data/NLPR/train_data/7_06-46-40
/data/NLPR/train_data/8_08-35-38
/data/NLPR/train_data/11_03-53-46
/data/NLPR/train_data/4_06-30-45
/data/NLPR/train_data/11_03-54-16
/data/NLPR/train_data/6_07-35-18
/data/NLPR/train_data/11_03-47-24
/data/NLPR/train_data/9_03-36-40
/data/NLPR/train_data/6_06-44-26
/data/NLPR/train_data/9_07-48-04
/data/NLPR/train_data/10_12-52-22
/data/NLPR/train_data/10_01-21-58
/data/NLPR/train_data/12_03-42-16
/data/NLPR/train_data/10_12-43-13
/data/NLPR/train_data/8_08-34-35
/data/NLPR/train_data/9_12-42-02
/data/NLPR/train_data/10_01-22-33
/data/NLPR/train_data/9_01-34-03
/data/NLPR/train_data/10_03-04-52
/data/NLPR/train_data/9_07-39-21
/data/NLPR/train_data/7_07-20-09
/data/NLPR/train_data/3_09-45-41
/data/NLPR/train_data/9_07-46-32
/data/NLPR/train_data/12_03-50-20
/data/NLPR/train_data/10_03-02-33
/data/NLPR/train_data/10_03-26-28
/data/NLPR/train_data/8_08-40-44
/data/NLPR/train_data/8_08-37-21
/data/NLPR/train_data/11_03-43-36
/data/NLPR/train_data/12_04-10-24
/data/NLPR/train_data/5_06-41-11
/data/NLPR/train_data/9_07-38-49
/data/NLPR/train_data/10_12-54-57
/data/NLPR/train_data/11_03-56-12
/data/NLPR/train_data/10_03-25-34
/data/NLPR/train_data/2_07-28-22
/data/NLPR/train_data/10_12-43-42
/data/NLPR/train_data/4_07-20-39
/data/NLPR/train_data/6_06-41-25
/data/NLPR/train_data/7_06-42-03
/data/NLPR/train_data/6_06-58-58
/data/NLPR/train_data/9_03-46-30
/data/NLPR/train_data/2_06-37-14
/data/NLPR/train_data/10_09-51-15
/data/NLPR/train_data/9_02-31-53
/data/NLPR/train_data/7_07-09-41
/data/NLPR/train_data/10_01-08-19
/data/NLPR/train_data/5_06-27-41
/data/NLPR/train_data/10_12-38-21
/data/NLPR/train_data/11_03-48-18
/data/NLPR/train_data/3_10-44-57
/data/NLPR/train_data/11_04-09-27
/data/NLPR/train_data/10_09-24-08
/data/NLPR/train_data/10_03-11-55
/data/NLPR/train_data/7_07-03-39
/data/NLPR/train_data/9_03-20-05
/data/NLPR/train_data/1_03-33-28
/data/NLPR/train_data/3_10-24-25
/data/NLPR/train_data/11_04-00-13
/data/NLPR/train_data/6_07-43-54
/data/NLPR/train_data/10_12-19-16
/data/NLPR/train_data/12_04-24-15
/data/NLPR/train_data/12_04-23-54
/data/NLPR/train_data/11_04-01-13
/data/NLPR/train_data/8_11-08-24
/data/NLPR/train_data/6_06-34-51
/data/NLPR/train_data/6_07-48-56
/data/NLPR/train_data/10_01-18-50
/data/NLPR/train_data/12_04-18-19
/data/NLPR/train_data/9_07-47-16
/data/NLPR/train_data/4_04-13-13
/data/NLPR/train_data/9_07-43-30
/data/NLPR/train_data/11_03-49-39
/data/NLPR/train_data/11_04-07-13
/data/NLPR/train_data/6_07-28-21
/data/NLPR/train_data/6_07-29-23
/data/NLPR/train_data/8_08-41-44
/data/NLPR/train_data/9_01-12-11
/data/NLPR/train_data/10_12-05-54
/data/NLPR/train_data/8_08-22-34
/data/NLPR/train_data/2_07-13-11
/data/NLPR/train_data/9_01-12-01
/data/NLPR/train_data/3_09-59-53
/data/NLPR/train_data/1_02-29-13
/data/NLPR/train_data/11_03-51-21
/data/NLPR/train_data/4_04-27-23
/data/NLPR/train_data/10_09-28-10
/data/NLPR/train_data/2_06-41-44
/data/NLPR/train_data/8_08-36-01
/data/NLPR/train_data/10_12-53-04
/data/NLPR/train_data/8_08-29-04
/data/NLPR/train_data/7_07-19-33
/data/NLPR/train_data/9_03-41-10
/data/NLPR/train_data/11_04-08-50
/data/NLPR/train_data/9_03-11-07
/data/NLPR/train_data/10_09-36-06
/data/NLPR/train_data/11_03-51-59
/data/NLPR/train_data/9_01-46-36
/data/NLPR/train_data/11_03-49-15
/data/NLPR/train_data/3_10-33-16
/data/NLPR/train_data/12_03-50-46
/data/NLPR/train_data/9_03-45-38
/data/NLPR/train_data/9_01-32-15
/data/NLPR/train_data/8_08-26-35
/data/NLPR/train_data/8_08-29-00
/data/NLPR/train_data/4_07-18-38
/data/NLPR/train_data/6_04-52-25
/data/NLPR/train_data/10_01-06-31
/data/NLPR/train_data/10_03-24-55
/data/NLPR/train_data/8_08-38-00
/data/NLPR/train_data/6_06-30-21
/data/NLPR/train_data/3_09-46-17
/data/NLPR/train_data/10_09-36-37
/data/NLPR/train_data/6_07-44-36
/data/NLPR/train_data/5_07-39-17
/data/NLPR/train_data/11_04-11-58
/data/NLPR/train_data/7_07-35-36
/data/NLPR/train_data/10_03-10-46
/data/NLPR/train_data/5_06-21-24
/data/NLPR/train_data/11_03-53-42
/data/NLPR/train_data/10_12-44-24
/data/NLPR/train_data/10_12-10-15
/data/NLPR/train_data/5_06-44-12
/data/NLPR/train_data/8_08-20-35
/data/NLPR/train_data/10_12-16-43
/data/NLPR/train_data/3_09-53-21
/data/NLPR/train_data/10_09-43-31
/data/NLPR/train_data/11_04-10-21
/data/NLPR/train_data/10_09-36-44
/data/NLPR/train_data/11_03-56-46
/data/NLPR/train_data/10_03-28-21
/data/NLPR/train_data/10_01-05-05
/data/NLPR/train_data/10_01-07-36
/data/NLPR/train_data/9_03-45-31
/data/NLPR/train_data/1_03-04-05
/data/NLPR/train_data/12_04-10-41
/data/NLPR/train_data/6_07-55-42
/data/NLPR/train_data/3_10-04-55
/data/NLPR/train_data/1_03-11-09
/data/NLPR/train_data/8_08-30-15
/data/NLPR/train_data/11_03-52-11
/data/NLPR/train_data/3_10-42-00
/data/NLPR/train_data/9_07-43-04
/data/NLPR/train_data/10_01-17-08
/data/NLPR/train_data/11_03-47-17
/data/NLPR/train_data/6_07-36-19
/data/NLPR/train_data/8_08-48-29
/data/NLPR/train_data/10_03-09-22
/data/NLPR/train_data/10_12-54-12
/data/NLPR/train_data/5_06-33-01
/data/NLPR/train_data/10_09-50-19
/data/NLPR/train_data/11_04-10-12
/data/NLPR/train_data/10_12-07-49
/data/NLPR/train_data/8_08-42-56
/data/NLPR/train_data/8_08-21-50
/data/NLPR/train_data/10_03-07-24
/data/NLPR/train_data/10_12-25-56
/data/NLPR/train_data/5_07-40-22
/data/NLPR/train_data/10_01-16-36
/data/NLPR/train_data/6_07-26-15
/data/NLPR/train_data/3_10-51-18
/data/NLPR/train_data/7_06-40-46
/data/NLPR/train_data/9_03-30-03
/data/NLPR/train_data/10_01-11-34
/data/NLPR/train_data/10_10-02-10
/data/NLPR/train_data/9_07-43-52
/data/NLPR/train_data/8_10-58-46
/data/NLPR/train_data/4_06-33-31
/data/NLPR/train_data/3_10-47-54
/data/NLPR/train_data/12_03-56-13
/data/NLPR/train_data/9_12-42-09
/data/NLPR/train_data/10_12-22-32
/data/NLPR/train_data/8_08-40-06
/data/NLPR/train_data/3_10-25-01
/data/NLPR/train_data/10_01-13-54
/data/NLPR/train_data/9_03-28-48
/data/NLPR/train_data/9_01-33-47
/data/NLPR/train_data/12_04-10-08
/data/NLPR/train_data/10_10-03-39
/data/NLPR/train_data/8_08-27-10
/data/NLPR/train_data/11_03-44-09
/data/NLPR/train_data/6_06-41-10
/data/NLPR/train_data/12_03-40-12
/data/NLPR/train_data/11_03-55-51
/data/NLPR/train_data/10_03-30-33
/data/NLPR/train_data/4_06-38-58
/data/NLPR/train_data/4_07-02-33
/data/NLPR/train_data/8_08-31-57
/data/NLPR/train_data/10_01-16-10
/data/NLPR/train_data/10_01-17-54
/data/NLPR/train_data/8_11-14-52
/data/NLPR/train_data/10_01-06-20
/data/NLPR/train_data/4_07-29-03
/data/NLPR/train_data/10_03-29-54
/data/NLPR/train_data/7_06-40-29
/data/NLPR/train_data/10_03-21-57
/data/NLPR/train_data/2_05-05-03
/data/NLPR/train_data/9_01-45-49
/data/NLPR/train_data/6_05-00-17
/data/NLPR/train_data/11_03-55-56
/data/NLPR/train_data/11_03-48-44
/data/NLPR/train_data/1_03-11-59
/data/NLPR/train_data/9_07-53-30
/data/NLPR/train_data/7_06-47-19
/data/NLPR/train_data/8_08-27-36
/data/NLPR/train_data/6_07-57-48
/data/NLPR/train_data/10_01-02-50
/data/NLPR/train_data/9_12-36-45
/data/NLPR/train_data/7_06-49-51
/data/NLPR/train_data/3_09-24-16
/data/NLPR/train_data/10_09-52-02
/data/NLPR/train_data/11_04-00-41
/data/NLPR/train_data/8_08-43-13
/data/NLPR/train_data/10_03-16-42
/data/NLPR/train_data/10_03-28-38
/data/NLPR/train_data/9_01-19-36
/data/NLPR/train_data/8_08-29-25
/data/NLPR/train_data/9_07-43-45
/data/NLPR/train_data/12_03-54-54
/data/NLPR/train_data/4_07-16-17
/data/NLPR/train_data/8_10-41-01
/data/NLPR/train_data/9_03-15-26
/data/NLPR/train_data/8_08-19-33
/data/NLPR/train_data/9_03-44-23
/data/NLPR/train_data/5_06-22-43
/data/NLPR/train_data/11_04-07-44
/data/NLPR/train_data/12_04-25-12
/data/NLPR/train_data/11_03-54-01
/data/NLPR/train_data/10_12-25-10
/data/NLPR/train_data/1_10-50-08
/data/NLPR/train_data/9_01-30-20
/data/NLPR/train_data/9_03-42-16
/data/NLPR/train_data/5_07-48-58
/data/NLPR/train_data/3_09-24-04
/data/NLPR/train_data/6_06-40-05
/data/NLPR/train_data/12_03-49-37
/data/NLPR/train_data/5_06-56-46
/data/NLPR/train_data/11_04-00-20
/data/NLPR/train_data/9_07-36-06
/data/NLPR/train_data/10_10-06-17
/data/NLPR/train_data/4_07-26-30
/data/NLPR/train_data/1_10-40-10
/data/NLPR/train_data/4_07-22-50
/data/NLPR/train_data/10_01-16-57
/data/NLPR/train_data/3_10-23-35
/data/NLPR/train_data/7_07-10-50
/data/NLPR/train_data/2_07-14-29
/data/NLPR/train_data/9_07-40-52
/data/NLPR/train_data/5_06-59-01
/data/NLPR/train_data/10_12-21-06
/data/NLPR/train_data/9_03-39-53
/data/NLPR/train_data/10_12-13-30
/data/NLPR/train_data/8_08-30-12
/data/NLPR/train_data/5_06-43-22
/data/NLPR/train_data/8_08-29-38
/data/NLPR/train_data/6_05-00-48
/data/NLPR/train_data/10_12-15-40
/data/NLPR/train_data/11_03-52-55
/data/NLPR/train_data/10_03-10-29
/data/NLPR/train_data/12_03-34-07
/data/NLPR/train_data/10_09-38-05
/data/NLPR/train_data/9_02-26-49
/data/NLPR/train_data/3_10-34-27
/data/NLPR/train_data/5_06-47-57
/data/NLPR/train_data/10_03-03-56
/data/NLPR/train_data/9_07-46-41
/data/NLPR/train_data/10_03-00-10
/data/NLPR/train_data/6_06-54-05
/data/NLPR/train_data/9_12-51-42
/data/NLPR/train_data/8_08-34-56
/data/NLPR/train_data/9_12-47-50
/data/NLPR/train_data/9_03-22-52
/data/NLPR/train_data/10_09-46-41
/data/NLPR/train_data/10_09-45-49
/data/NLPR/train_data/9_02-26-09
/data/NLPR/train_data/7_07-06-39
/data/NLPR/train_data/3_09-50-51
/data/NLPR/train_data/6_06-38-11
/data/NLPR/train_data/7_07-24-29
/data/NLPR/train_data/11_04-06-15
/data/NLPR/train_data/3_10-54-24
/data/NLPR/train_data/10_12-26-22
/data/NLPR/train_data/6_04-54-15
/data/NLPR/train_data/10_03-27-04
/data/NLPR/train_data/10_02-58-32
/data/NLPR/train_data/10_03-30-53
/data/NLPR/train_data/10_03-33-06
/data/NLPR/train_data/4_07-21-54
/data/NLPR/train_data/7_07-07-08
/data/NLPR/train_data/10_03-03-30
/data/NLPR/train_data/1_02-14-09
/data/NLPR/train_data/7_06-04-16
/data/NLPR/train_data/4_07-19-02
/data/NLPR/train_data/4_07-07-01
/data/NLPR/train_data/10_01-13-30
/data/NLPR/train_data/10_03-30-22
/data/NLPR/train_data/8_08-33-40
/data/NLPR/train_data/10_12-08-02
/data/NLPR/train_data/8_08-22-45
/data/NLPR/train_data/1_02-04-07
/data/NLPR/train_data/11_04-18-55
/data/NLPR/train_data/10_02-58-38
/data/NLPR/train_data/10_12-11-03
/data/NLPR/train_data/8_08-35-48
/data/NLPR/train_data/10_09-27-19
/data/NLPR/train_data/8_08-44-05
/data/NLPR/train_data/11_03-44-25
/data/NLPR/train_data/3_09-23-44
/data/NLPR/train_data/12_03-50-05
/data/NLPR/train_data/10_12-09-45
/data/NLPR/train_data/10_12-59-50
/data/NLPR/train_data/9_03-38-09
/data/NLPR/train_data/10_12-54-48
/data/NLPR/train_data/10_09-30-51
/data/NLPR/train_data/3_10-14-07
/data/NLPR/train_data/9_03-44-51
/data/NLPR/train_data/10_09-44-38
/data/NLPR/train_data/8_08-27-43
/data/NLPR/train_data/9_07-38-26
/data/NLPR/train_data/10_12-44-15
/data/NLPR/train_data/10_03-20-48
/data/NLPR/train_data/10_12-18-45
/data/NLPR/train_data/11_03-52-08
/data/NLPR/train_data/6_06-39-48
/data/NLPR/train_data/8_08-39-25
/data/NLPR/train_data/10_12-05-32
/data/NLPR/train_data/10_09-32-01
/data/NLPR/train_data/9_07-57-15
/data/NLPR/train_data/1_03-02-41
/data/NLPR/train_data/10_01-03-41
/data/NLPR/train_data/9_07-44-08
/data/NLPR/train_data/12_03-47-33
/data/NLPR/train_data/10_12-04-42
/data/NLPR/train_data/7_07-49-25
/data/NLPR/train_data/8_08-20-25
/data/NLPR/train_data/11_03-46-18
/data/NLPR/train_data/9_01-32-57
/data/NLPR/train_data/5_07-48-54
/data/NLPR/train_data/10_12-35-52
/data/NLPR/train_data/11_03-46-20
/data/NLPR/train_data/1_03-11-22
/data/NLPR/train_data/10_03-19-44
/data/NLPR/train_data/11_03-52-53
/data/NLPR/train_data/3_09-50-40
/data/NLPR/train_data/9_03-43-31
/data/NLPR/train_data/7_07-20-46
/data/NLPR/train_data/9_07-47-50
/data/NLPR/train_data/11_04-18-42
/data/NLPR/train_data/9_01-13-17
/data/NLPR/train_data/11_04-06-21
/data/NLPR/train_data/3_10-48-00
/data/NLPR/train_data/10_03-02-37
/data/NLPR/train_data/4_05-31-29
/data/NLPR/train_data/8_08-44-54
/data/NLPR/train_data/6_07-54-05
/data/NLPR/train_data/10_03-14-11
/data/NLPR/train_data/9_03-45-19
/data/NLPR/train_data/7_06-08-17
/data/NLPR/train_data/10_03-14-25
/data/NLPR/train_data/4_06-55-06
/data/NLPR/train_data/10_03-28-31
/data/NLPR/train_data/9_12-41-38
/data/NLPR/train_data/10_12-25-18
/data/NLPR/train_data/5_06-48-08
/data/NLPR/train_data/5_06-38-14
/data/NLPR/train_data/11_03-49-49
/data/NLPR/train_data/11_03-55-40
/data/NLPR/train_data/9_03-43-44
/data/NLPR/train_data/9_02-16-57
/data/NLPR/train_data/10_03-06-09
/data/NLPR/train_data/7_05-57-24
/data/NLPR/train_data/5_06-42-10
/data/NLPR/train_data/8_08-25-13
/data/NLPR/train_data/7_07-56-23
/data/NLPR/train_data/7_07-03-06
/data/NLPR/train_data/11_03-56-04
/data/NLPR/train_data/11_04-05-13
/data/NLPR/train_data/1_10-37-58
/data/NLPR/train_data/11_03-57-27
/data/NLPR/train_data/10_03-26-07
/data/NLPR/train_data/11_03-56-36
/data/NLPR/train_data/9_12-44-54
/data/NLPR/train_data/10_03-30-19
/data/NLPR/train_data/8_08-20-01
/data/NLPR/train_data/9_01-43-39
/data/NLPR/train_data/9_03-42-28
/data/NLPR/train_data/11_04-01-38
/data/NLPR/train_data/9_01-36-52
/data/NLPR/train_data/10_12-52-15
/data/NLPR/train_data/2_06-54-45
/data/NLPR/train_data/10_01-17-02
/data/NLPR/train_data/9_12-54-50
/data/NLPR/train_data/8_08-49-30
/data/NLPR/train_data/5_07-33-15
/data/NLPR/train_data/4_06-42-40
/data/NLPR/train_data/8_08-45-40
/data/NLPR/train_data/8_08-46-12
/data/NLPR/train_data/9_03-20-45
/data/NLPR/train_data/10_09-33-33
/data/NLPR/train_data/11_04-05-37
/data/NLPR/train_data/10_03-30-06
/data/NLPR/train_data/10_01-20-35
/data/NLPR/train_data/7_07-58-43
/data/NLPR/train_data/1_10-39-51
/data/NLPR/train_data/10_12-52-04
/data/NLPR/train_data/11_04-24-34
/data/NLPR/train_data/11_03-48-39
/data/NLPR/train_data/10_01-07-55
/data/NLPR/train_data/10_12-24-05
/data/NLPR/train_data/10_09-38-19
/data/NLPR/train_data/9_03-14-30
/data/NLPR/train_data/10_12-52-17
/data/NLPR/train_data/11_04-12-11
/data/NLPR/train_data/10_01-00-02
/data/NLPR/train_data/10_03-20-07
/data/NLPR/train_data/10_01-00-31
/data/NLPR/train_data/4_07-14-31
/data/NLPR/train_data/10_03-07-48
/data/NLPR/train_data/8_08-45-51
/data/NLPR/train_data/6_07-05-25
/data/NLPR/train_data/11_04-11-39
/data/NLPR/train_data/1_02-53-07
/data/NLPR/train_data/6_06-59-23
/data/NLPR/train_data/1_10-39-37
/data/NLPR/train_data/11_04-07-01
/data/NLPR/train_data/2_07-13-29
/data/NLPR/train_data/12_03-54-47
/data/NLPR/train_data/1_02-33-34
/data/NLPR/train_data/11_04-01-02
/data/NLPR/train_data/1_02-55-02
/data/NLPR/train_data/10_01-22-58
/data/NLPR/train_data/7_07-55-26
/data/NLPR/train_data/6_07-19-16
/data/NLPR/train_data/10_12-18-22
/data/NLPR/train_data/1_10-43-31
/data/NLPR/train_data/7_07-19-04
/data/NLPR/train_data/4_07-13-48
/data/NLPR/train_data/3_10-46-28
/data/NLPR/train_data/8_08-23-20
/data/NLPR/train_data/11_03-53-01
/data/NLPR/train_data/9_07-38-12
/data/NLPR/train_data/9_07-44-05
/data/NLPR/train_data/7_07-58-28
/data/NLPR/train_data/11_03-49-32
/data/NLPR/train_data/9_07-51-23
/data/NLPR/train_data/12_04-17-45
/data/NLPR/train_data/8_08-22-54
/data/NLPR/train_data/10_12-43-57
/data/NLPR/train_data/12_04-08-31
/data/NLPR/train_data/10_03-33-24
/data/NLPR/train_data/11_04-00-09
/data/NLPR/train_data/8_11-18-37
/data/NLPR/train_data/12_04-09-57
/data/NLPR/train_data/10_12-42-19
/data/NLPR/train_data/1_02-11-11
/data/NLPR/train_data/10_09-46-57
/data/NLPR/train_data/7_07-10-26
/data/NLPR/train_data/10_10-10-23
/data/NLPR/train_data/10_03-10-33
/data/NLPR/train_data/5_06-31-56
/data/NLPR/train_data/7_05-58-41
/data/NLPR/train_data/3_09-58-42
/data/NLPR/train_data/4_04-25-12
/data/NLPR/train_data/3_10-53-39
/data/NLPR/train_data/10_12-23-55
/data/NLPR/train_data/10_03-23-12
/data/NLPR/train_data/11_03-50-12
/data/NLPR/train_data/11_04-08-19
/data/NLPR/train_data/8_08-21-41
/data/NLPR/train_data/10_03-06-22
/data/NLPR/train_data/8_08-34-01
/data/NLPR/train_data/10_09-34-54
/data/NLPR/train_data/10_01-19-58
/data/NLPR/train_data/10_12-54-37
/data/NLPR/train_data/8_11-04-24
/data/NLPR/train_data/9_12-38-28
/data/NLPR/train_data/11_03-47-47
/data/NLPR/train_data/9_01-02-15
/data/NLPR/train_data/5_06-51-43
/data/NLPR/train_data/8_08-39-54
/data/NLPR/train_data/12_03-56-24
/data/NLPR/train_data/10_03-32-54
/data/NLPR/train_data/2_06-49-36
/data/NLPR/train_data/5_08-16-45
/data/NLPR/train_data/1_02-02-40
/data/NLPR/train_data/9_03-11-48
/data/NLPR/train_data/10_01-04-00
/data/NLPR/train_data/9_01-26-14
/data/NLPR/train_data/6_07-47-09
/data/NLPR/train_data/10_09-32-19
/data/NLPR/train_data/11_04-15-25
/data/NLPR/train_data/4_07-17-21
/data/NLPR/train_data/8_10-46-24
/data/NLPR/train_data/9_03-46-59
/data/NLPR/train_data/9_12-49-43
/data/NLPR/train_data/8_11-07-36
/data/NLPR/train_data/11_04-17-50
/data/NLPR/train_data/1_03-26-09
/data/NLPR/train_data/4_06-38-20
/data/NLPR/train_data/11_04-01-57
/data/NLPR/train_data/10_12-47-45
/data/NLPR/train_data/4_06-34-01
/data/NLPR/train_data/10_01-16-50
/data/NLPR/train_data/9_12-36-22
/data/NLPR/train_data/1_02-56-10
/data/NLPR/train_data/4_06-44-15
/data/NLPR/train_data/7_07-50-23
/data/NLPR/train_data/11_03-52-32
/data/NLPR/train_data/10_01-00-07
/data/NLPR/train_data/11_03-45-22
/data/NLPR/train_data/10_02-59-06
/data/NLPR/train_data/10_01-12-36
/data/NLPR/train_data/12_04-24-41
/data/NLPR/train_data/3_10-27-45
/data/NLPR/train_data/10_12-38-38
/data/NLPR/train_data/4_06-39-53
/data/NLPR/train_data/10_09-53-18
/data/NLPR/train_data/9_07-36-59
/data/NLPR/train_data/10_09-41-46
/data/NLPR/train_data/10_12-20-08
/data/NLPR/train_data/10_09-32-46
/data/NLPR/train_data/5_07-10-10
/data/NLPR/train_data/4_05-31-35
/data/NLPR/train_data/3_09-52-49
/data/NLPR/train_data/9_03-46-43
/data/NLPR/train_data/10_01-07-42
/data/NLPR/train_data/10_09-40-59
/data/NLPR/train_data/10_01-15-39
/data/NLPR/train_data/9_02-29-37
/data/NLPR/train_data/10_01-01-44
/data/NLPR/train_data/12_03-54-37
/data/NLPR/train_data/5_07-40-03
/data/NLPR/train_data/11_03-55-07
/data/NLPR/train_data/2_07-27-32
/data/NLPR/train_data/10_12-48-34
/data/NLPR/train_data/8_08-41-58
/data/NLPR/train_data/11_03-45-15
/data/NLPR/train_data/11_04-07-36
/data/NLPR/train_data/11_04-06-33
/data/NLPR/train_data/5_07-00-11
/data/NLPR/train_data/9_12-50-08
/data/NLPR/train_data/11_03-46-15
/data/NLPR/train_data/10_01-11-23
/data/NLPR/train_data/10_01-20-40
/data/NLPR/train_data/11_03-53-06
